Archive member included to satisfy reference by file (symbol)

./libwrap.a(malloc.o)         circular_buffer.o (__wrap_malloc)
./libwrap.a(write.o)          /local/gerum/speech_recognition/external/hannah-tvm/tmp/TGC-VP/fw/bsp/env/tgfs-vp/init.o (__wrap_write)
./libwrap.a(isatty.o)         ./libwrap.a(write.o) (__wrap_isatty)
./libwrap.a(sbrk.o)           ./libwrap.a(malloc.o) (__wrap_sbrk)
./libwrap.a(_exit.o)          /local/gerum/speech_recognition/external/hannah-tvm/tmp/TGC-VP/fw/bsp/env/tgfs-vp/init.o (__wrap__exit)
./libwrap.a(puts.o)           crt/src/runtime/crt/graph_executor/load_json.o (__wrap_puts)
./libwrap.a(write_hex.o)      ./libwrap.a(_exit.o) (write_hex)
./libwrap.a(printf.o)         main.o (__wrap_printf)
/opt/pulp-riscv-gcc/bin/../lib/gcc/riscv32-unknown-elf/7.1.1/../../../../riscv32-unknown-elf/lib/libc.a(lib_a-assert.o)
                              circular_buffer.o (__assert_func)
/opt/pulp-riscv-gcc/bin/../lib/gcc/riscv32-unknown-elf/7.1.1/../../../../riscv32-unknown-elf/lib/libc.a(lib_a-atexit.o)
                              /local/gerum/speech_recognition/external/hannah-tvm/tmp/TGC-VP/fw/bsp/env/start.o (atexit)
/opt/pulp-riscv-gcc/bin/../lib/gcc/riscv32-unknown-elf/7.1.1/../../../../riscv32-unknown-elf/lib/libc.a(lib_a-exit.o)
                              /local/gerum/speech_recognition/external/hannah-tvm/tmp/TGC-VP/fw/bsp/env/start.o (exit)
/opt/pulp-riscv-gcc/bin/../lib/gcc/riscv32-unknown-elf/7.1.1/../../../../riscv32-unknown-elf/lib/libc.a(lib_a-fini.o)
                              /local/gerum/speech_recognition/external/hannah-tvm/tmp/TGC-VP/fw/bsp/env/start.o (__libc_fini_array)
/opt/pulp-riscv-gcc/bin/../lib/gcc/riscv32-unknown-elf/7.1.1/../../../../riscv32-unknown-elf/lib/libc.a(lib_a-fiprintf.o)
                              /opt/pulp-riscv-gcc/bin/../lib/gcc/riscv32-unknown-elf/7.1.1/../../../../riscv32-unknown-elf/lib/libc.a(lib_a-assert.o) (fiprintf)
/opt/pulp-riscv-gcc/bin/../lib/gcc/riscv32-unknown-elf/7.1.1/../../../../riscv32-unknown-elf/lib/libc.a(lib_a-fprintf.o)
                              crt/src/runtime/crt/common/ndarray.o (fprintf)
/opt/pulp-riscv-gcc/bin/../lib/gcc/riscv32-unknown-elf/7.1.1/../../../../riscv32-unknown-elf/lib/libc.a(lib_a-fwrite.o)
                              crt/src/runtime/crt/common/ndarray.o (fwrite)
/opt/pulp-riscv-gcc/bin/../lib/gcc/riscv32-unknown-elf/7.1.1/../../../../riscv32-unknown-elf/lib/libc.a(lib_a-impure.o)
                              /opt/pulp-riscv-gcc/bin/../lib/gcc/riscv32-unknown-elf/7.1.1/../../../../riscv32-unknown-elf/lib/libc.a(lib_a-exit.o) (_global_impure_ptr)
/opt/pulp-riscv-gcc/bin/../lib/gcc/riscv32-unknown-elf/7.1.1/../../../../riscv32-unknown-elf/lib/libc.a(lib_a-init.o)
                              /local/gerum/speech_recognition/external/hannah-tvm/tmp/TGC-VP/fw/bsp/env/start.o (__libc_init_array)
/opt/pulp-riscv-gcc/bin/../lib/gcc/riscv32-unknown-elf/7.1.1/../../../../riscv32-unknown-elf/lib/libc.a(lib_a-locale.o)
                              crt/src/runtime/crt/graph_executor/load_json.o (__locale_ctype_ptr)
/opt/pulp-riscv-gcc/bin/../lib/gcc/riscv32-unknown-elf/7.1.1/../../../../riscv32-unknown-elf/lib/libc.a(lib_a-mbtowc_r.o)
                              /opt/pulp-riscv-gcc/bin/../lib/gcc/riscv32-unknown-elf/7.1.1/../../../../riscv32-unknown-elf/lib/libc.a(lib_a-locale.o) (__ascii_mbtowc)
/opt/pulp-riscv-gcc/bin/../lib/gcc/riscv32-unknown-elf/7.1.1/../../../../riscv32-unknown-elf/lib/libc.a(lib_a-memcpy.o)
                              crt/src/runtime/crt/common/crt_runtime_api.o (memcpy)
/opt/pulp-riscv-gcc/bin/../lib/gcc/riscv32-unknown-elf/7.1.1/../../../../riscv32-unknown-elf/lib/libc.a(lib_a-memset.o)
                              crt/src/runtime/crt/common/ndarray.o (memset)
/opt/pulp-riscv-gcc/bin/../lib/gcc/riscv32-unknown-elf/7.1.1/../../../../riscv32-unknown-elf/lib/libc.a(lib_a-snprintf.o)
                              crt/src/runtime/crt/common/packed_func.o (snprintf)
/opt/pulp-riscv-gcc/bin/../lib/gcc/riscv32-unknown-elf/7.1.1/../../../../riscv32-unknown-elf/lib/libc.a(lib_a-strcmp.o)
                              crt/src/runtime/crt/common/packed_func.o (strcmp)
/opt/pulp-riscv-gcc/bin/../lib/gcc/riscv32-unknown-elf/7.1.1/../../../../riscv32-unknown-elf/lib/libc.a(lib_a-strlen.o)
                              crt/src/runtime/crt/common/func_registry.o (strlen)
/opt/pulp-riscv-gcc/bin/../lib/gcc/riscv32-unknown-elf/7.1.1/../../../../riscv32-unknown-elf/lib/libc.a(lib_a-strncmp.o)
                              crt/src/runtime/crt/common/packed_func.o (strncmp)
/opt/pulp-riscv-gcc/bin/../lib/gcc/riscv32-unknown-elf/7.1.1/../../../../riscv32-unknown-elf/lib/libc.a(lib_a-strncpy.o)
                              crt/src/runtime/crt/common/crt_runtime_api.o (strncpy)
/opt/pulp-riscv-gcc/bin/../lib/gcc/riscv32-unknown-elf/7.1.1/../../../../riscv32-unknown-elf/lib/libc.a(lib_a-strnlen.o)
                              ./libwrap.a(printf.o) (strnlen)
[...]
Memory Configuration

Name             Origin             Length             Attributes
flash            0x0000000020400000 0x0000000020000000 axrl !w
ram              0x0000000080000000 0x0000000001000000 axw !rl
*default*        0x0000000000000000 0xffffffffffffffff

Linker script and memory map

LOAD /local/gerum/speech_recognition/external/hannah-tvm/tmp/TGC-VP/fw/bsp/env/start.o
LOAD /local/gerum/speech_recognition/external/hannah-tvm/tmp/TGC-VP/fw/bsp/env/entry.o
LOAD circular_buffer.o
LOAD cxx_support.o
LOAD main.o
LOAD crt/src/runtime/crt/common/crt_backend_api.o
LOAD crt/src/runtime/crt/common/crt_runtime_api.o
LOAD crt/src/runtime/crt/common/func_registry.o
LOAD crt/src/runtime/crt/common/ndarray.o
LOAD crt/src/runtime/crt/common/packed_func.o
LOAD crt/src/runtime/crt/graph_executor/graph_executor.o
LOAD crt/src/runtime/crt/graph_executor/load_json.o
LOAD crt/src/runtime/crt/graph_executor_module/graph_executor_module.o
LOAD crt/src/runtime/crt/memory/page_allocator.o
LOAD crt/src/runtime/crt/memory/stack_allocator.o
LOAD crt/src/runtime/crt/microtvm_rpc_common/crcccitt.o
LOAD /local/gerum/speech_recognition/external/hannah-tvm/tmp/TGC-VP/fw/bsp/env/tgfs-vp/init.o
LOAD delete.o
LOAD crt/src/runtime/crt/microtvm_rpc_common/frame_buffer.o
LOAD crt/src/runtime/crt/microtvm_rpc_common/framing.o
LOAD crt/src/runtime/crt/microtvm_rpc_common/session.o
LOAD crt/src/runtime/crt/microtvm_rpc_common/write_stream.o
LOAD crt/src/runtime/crt/microtvm_rpc_server/rpc_server.o
START GROUP
LOAD ./libwrap.a
LOAD /opt/pulp-riscv-gcc/bin/../lib/gcc/riscv32-unknown-elf/7.1.1/../../../../riscv32-unknown-elf/lib/libc.a
END GROUP
LOAD libwrap.a
LOAD /opt/pulp-riscv-gcc/bin/../lib/gcc/riscv32-unknown-elf/7.1.1/libgcc.a
START GROUP
LOAD /opt/pulp-riscv-gcc/bin/../lib/gcc/riscv32-unknown-elf/7.1.1/../../../../riscv32-unknown-elf/lib/libc.a
LOAD /opt/pulp-riscv-gcc/bin/../lib/gcc/riscv32-unknown-elf/7.1.1/../../../../riscv32-unknown-elf/lib/libgloss.a
END GROUP
LOAD /opt/pulp-riscv-gcc/bin/../lib/gcc/riscv32-unknown-elf/7.1.1/libgcc.a
START GROUP
LOAD /opt/pulp-riscv-gcc/bin/../lib/gcc/riscv32-unknown-elf/7.1.1/libgcc.a
LOAD /opt/pulp-riscv-gcc/bin/../lib/gcc/riscv32-unknown-elf/7.1.1/../../../../riscv32-unknown-elf/lib/libc.a
LOAD /opt/pulp-riscv-gcc/bin/../lib/gcc/riscv32-unknown-elf/7.1.1/../../../../riscv32-unknown-elf/lib/libnosys.a
END GROUP
                0x0000000000004000                __stack_size = DEFINED (__stack_size)?__stack_size:0x4000

.init           0x0000000020400000       0x9c
 *(SORT(.init))
 .init          0x0000000020400000       0x9c /local/gerum/speech_recognition/external/hannah-tvm/tmp/TGC-VP/fw/bsp/env/start.o
                0x0000000020400000                _start

.text           0x000000002040009c    0x1fcc2
 *(.text.unlikely .text.unlikely.*)
 *(.text.startup .text.startup.*)
 *(.text .text.*)
 .text          0x000000002040009c        0x0 /local/gerum/speech_recognition/external/hannah-tvm/tmp/TGC-VP/fw/bsp/env/start.o
 .text          0x000000002040009c        0x0 /local/gerum/speech_recognition/external/hannah-tvm/tmp/TGC-VP/fw/bsp/env/entry.o
 .text.entry    0x000000002040009c      0x128 /local/gerum/speech_recognition/external/hannah-tvm/tmp/TGC-VP/fw/bsp/env/entry.o
                0x000000002040009c                trap_entry
 .text          0x00000000204001c4      0x7f0 circular_buffer.o
                0x00000000204002dc                circular_buf_init
                0x00000000204003c4                circular_buf_free
                0x000000002040041c                circular_buf_reset
                0x0000000020400484                circular_buf_size
                0x0000000020400550                circular_buf_capacity
                0x00000000204005a8                circular_buf_put
                0x0000000020400630                circular_buf_try_put
                0x00000000204006e0                circular_buf_get
                0x00000000204007c0                circular_buf_empty
                0x0000000020400850                circular_buf_full
                0x00000000204008a8                circular_buf_peek
 .text          0x00000000204009b4       0x10 cxx_support.o
                0x00000000204009b4                __cxa_pure_virtual
 .text          0x00000000204009c4      0x53c main.o
                0x0000000020400bb0                write_serial
                0x0000000020400c30                TVMPlatformFormatMessage
                0x0000000020400c7c                TVMPlatformAbort
                0x0000000020400ca8                TVMPlatformGenerateRandom
                0x0000000020400d20                TVMPlatformMemoryAllocate
                0x0000000020400d84                TVMPlatformMemoryFree
                0x0000000020400dc0                TVMPlatformTimerStart
                0x0000000020400de0                TVMPlatformTimerStop
                0x0000000020400e04                uart_irq_cb
                0x0000000020400e28                TVMSystemLibEntryPoint
                0x0000000020400e48                main
 .text          0x0000000020400f00      0x200 crt/src/runtime/crt/common/crt_backend_api.o
                0x0000000020400f00                TVMBackendAllocWorkspace
                0x0000000020401010                TVMBackendFreeWorkspace
                0x000000002040106c                TVMBackendParallelLaunch
                0x00000000204010c0                TVMBackendRegisterSystemLibSymbol
 .text          0x0000000020401100     0x194c crt/src/runtime/crt/common/crt_runtime_api.o
                0x0000000020401100                TVMAPISetLastError
                0x0000000020401148                TVMAPIErrorf
                0x00000000204011bc                TVMGetLastError
                0x00000000204011e0                TVMArrayAlloc
                0x00000000204012b4                TVMArrayFree
                0x000000002040130c                TVMDeviceAllocDataSpace
                0x00000000204013a0                TVMDeviceAllocDataSpaceWithScope
                0x00000000204014dc                TVMDeviceFreeDataSpace
                0x000000002040161c                TVMDeviceCopyDataFromTo
                0x0000000020401778                TVMStreamCreate
                0x00000000204017a8                TVMStreamFree
                0x00000000204017d4                TVMSetStream
                0x0000000020401800                TVMSynchronize
                0x000000002040182c                TVMFuncRegisterGlobal
                0x000000002040195c                TVMModCreateFromCModule
                0x0000000020401a04                TVMModFree
                0x0000000020401a98                SystemLibraryCreate
                0x0000000020401ca0                TVMByteArrayFree
                0x0000000020401d18                TVMFuncCall
                0x0000000020401f08                TVMFuncGetGlobal
                0x0000000020401f70                TVMModGetFunction
                0x0000000020401ff8                ModuleGetFunction
                0x0000000020402118                TVMCFuncSetReturn
                0x00000000204021d0                TVMFuncFree
                0x00000000204021f4                RPCGetCRTMaxPacketSize
                0x0000000020402248                TVMInitializeRuntime
                0x00000000204023f8                RPCTimeEvaluator
                0x0000000020402650                RunTimeEvaluator
                0x00000000204029a4                TVMContribRandomFill
 .text          0x0000000020402a4c      0x410 crt/src/runtime/crt/common/func_registry.o
                0x0000000020402a4c                strcmp_cursor
                0x0000000020402b08                TVMFuncRegistry_Lookup
                0x0000000020402ba4                TVMFuncRegistry_GetByIndex
                0x0000000020402c20                TVMMutableFuncRegistry_Create
                0x0000000020402ccc                TVMMutableFuncRegistry_Set
 .text          0x0000000020402e5c      0x94c crt/src/runtime/crt/common/ndarray.o
                0x0000000020402e5c                TVMNDArray_Create
                0x0000000020402f44                TVMNDArray_DataSizeBytes
                0x00000000204030c8                TVMNDArray_Empty
                0x00000000204031b4                TVMNDArray_Load
                0x0000000020403618                TVMNDArray_CreateView
                0x0000000020403698                TVMNDArray_RandomFill
                0x0000000020403708                TVMNDArray_Release
 .text          0x00000000204037a8      0x588 crt/src/runtime/crt/common/packed_func.o
                0x00000000204037a8                String2DLDataType
                0x0000000020403a24                TVMPackedFunc_InitGlobalFunc
                0x0000000020403acc                TVMPackedFunc_InitModuleFunc
                0x0000000020403b80                TVMArgs_Create
                0x0000000020403c70                TVMPackedFunc_Call
                0x0000000020403cec                TVMPackedFunc_SetArgs
 .text          0x0000000020403d30     0x46e8 crt/src/runtime/crt/graph_executor/graph_executor.o
                0x0000000020403d30                Shape_Accumulate
                0x0000000020403df8                NodeEntry_Load
                0x0000000020403f88                TVMGraphExecutorNode_LoadAttrs
                0x00000000204041e0                TVMGraphExecutorNode_Load
                0x000000002040476c                TVMGraphExecutorNodeCreate
                0x00000000204047e0                TVMGraphExecutorNodeRelease
                0x0000000020404868                TVMGraphExecutorGraphAttr_Load
                0x00000000204059d8                TVMGraphExecutorGraphAttr_Release
                0x0000000020405b90                TVMGraphExecutor_Load
                0x0000000020406440                TVMGraphExecutor_GetEntryId
                0x0000000020406488                TVMGraphExecutor_GetNumInputs
                0x00000000204064b0                TVMGraphExecutor_GetInputIndex
                0x00000000204065ac                TVMGraphExecutor_SetInput
                0x0000000020406680                TVMGraphExecutor_LoadParams
                0x0000000020406c90                TVMGraphExecutor_Run
                0x0000000020406d54                TVMGraphExecutor_GetNumOutputs
                0x0000000020406d7c                TVMGraphExecutor_GetOutput
                0x0000000020406f74                TVMGraphExecutor_SetupStorage
                0x00000000204078f4                TVMGraphExecutor_SetupOpExecs
                0x0000000020407c60                TVMGraphExecutor_CreateTVMOp
                0x0000000020407edc                TVMGraphExecutor_Init
                0x0000000020407fb4                TVMGraphExecutor_Create
                0x0000000020408078                TVMGraphExecutor_Release
 .text          0x0000000020408418     0x1418 crt/src/runtime/crt/graph_executor/load_json.o
                0x0000000020408418                JSONNodeEntryLoad
                0x0000000020408588                SeqPush
                0x0000000020408634                SeqBack
                0x00000000204086cc                SeqPop
                0x000000002040876c                SeqCreate
                0x0000000020408878                SeqRelease
                0x00000000204088ec                JSONReader_NextChar
                0x0000000020408934                JSONReader_PeekNextChar
                0x0000000020408960                JSONReader_NextNonSpace
                0x0000000020408a08                JSONReader_PeekNextNonSpace
                0x0000000020408ac8                JSONReader_ReadString
                0x0000000020408d4c                JSONReader_ReadUnsignedInteger
                0x0000000020408dd8                JSONReader_ReadInteger
                0x0000000020408e74                JSONReader_BeginObject
                0x0000000020408f10                JSONReader_NextObjectItem
                0x0000000020409114                JSONReader_BeginArray
                0x00000000204091b0                JSONReader_NextArrayItem
                0x0000000020409304                JSONReader_ArrayLength
                0x00000000204095d8                JSONReader_Create
                0x00000000204097bc                JSONReader_Release
 .text          0x0000000020409830      0x7fc crt/src/runtime/crt/graph_executor_module/graph_executor_module.o
                0x0000000020409830                TVMGraphExecutorModule_Create
                0x00000000204099f8                TVMGraphExecutorModule_GetInput
                0x0000000020409b20                TVMGraphExecutorModule_GetNumInputs
                0x0000000020409bac                TVMGraphExecutorModule_GetNumOutputs
                0x0000000020409c48                TVMGraphExecutorModule_GetOutput
                0x0000000020409da0                TVMGraphExecutorModule_LoadParams
                0x0000000020409e58                TVMGraphExecutorModule_Run
                0x0000000020409ecc                TVMGraphExecutorModule_SetInput
                0x0000000020409f90                TVMGraphExecutorModule_NotImplemented
                0x0000000020409fcc                TVMGraphExecutorModule_Register
 .text          0x000000002040a02c     0x1100 crt/src/runtime/crt/memory/page_allocator.o
                0x000000002040a02c                PageCreate
                0x000000002040a0e4                PageTable_Resize
                0x000000002040a1ec                TLB_Set
                0x000000002040a304                TLB_Find
                0x000000002040a390                MultiMap_LowerBound
                0x000000002040a444                MultiMap_End
                0x000000002040a46c                MultiMap_Erase
                0x000000002040a588                MultiMap_Insert
                0x000000002040a6c0                PageMemoryManager_Allocate
                0x000000002040a8e8                PageMemoryManager_Realloc
                0x000000002040add0                PageMemoryManager_Free
                0x000000002040aef8                PageMemoryManagerCreate
 .text          0x000000002040b12c      0x2cc crt/src/runtime/crt/memory/stack_allocator.o
                0x000000002040b12c                StackMemoryManager_Allocate_Body
                0x000000002040b240                StackMemoryManager_Allocate
                0x000000002040b290                StackMemoryManager_Free_Body
                0x000000002040b324                StackMemoryManager_Free
                0x000000002040b36c                StackMemoryManager_Init
 .text          0x000000002040b3f8      0x228 crt/src/runtime/crt/microtvm_rpc_common/crcccitt.o
                0x000000002040b3f8                crc_xmodem
                0x000000002040b438                crc_ccitt_1d0f
                0x000000002040b47c                crc_ccitt_ffff
                0x000000002040b590                update_crc_ccitt
 .text          0x000000002040b620      0x628 /local/gerum/speech_recognition/external/hannah-tvm/tmp/TGC-VP/fw/bsp/env/tgfs-vp/init.o
                0x000000002040b648                get_timer_value
                0x000000002040b698                get_timer_freq
                0x000000002040ba4c                get_cpu_freq
                0x000000002040bb60                handle_trap
                0x000000002040bb9c                _init
                0x000000002040bc2c                _fini
 .text          0x000000002040bc48       0x24 delete.o
                0x000000002040bc48                operator delete(void*, unsigned int)
 .text          0x000000002040bc6c      0x178 crt/src/runtime/crt/microtvm_rpc_common/frame_buffer.o
                0x000000002040bc6c                tvm::runtime::micro_rpc::FrameBuffer::Write(unsigned char const*, unsigned int)
                0x000000002040bd10                tvm::runtime::micro_rpc::FrameBuffer::Read(unsigned char*, unsigned int)
                0x000000002040bdb4                tvm::runtime::micro_rpc::FrameBuffer::Clear()
 .text          0x000000002040bde4     0x112c crt/src/runtime/crt/microtvm_rpc_common/framing.o
                0x000000002040bde4                tvm::runtime::micro_rpc::crc16_compute(unsigned char const*, unsigned int, unsigned short*)
                0x000000002040be80                tvm::runtime::micro_rpc::Unframer::Reset()
                0x000000002040beb8                tvm::runtime::micro_rpc::Unframer::BytesNeeded()
                0x000000002040bf88                tvm::runtime::micro_rpc::Unframer::Write(unsigned char const*, unsigned int, unsigned int*)
                0x000000002040c124                tvm::runtime::micro_rpc::Unframer::FindPacketStart()
                0x000000002040c2a8                tvm::runtime::micro_rpc::Unframer::ConsumeInput(unsigned char*, unsigned int, unsigned int*, bool)
                0x000000002040c52c                tvm::runtime::micro_rpc::Unframer::AddToBuffer(unsigned int, bool)
                0x000000002040c5bc                tvm::runtime::micro_rpc::Unframer::ClearBuffer()
                0x000000002040c5e4                tvm::runtime::micro_rpc::Unframer::FindPacketLength()
                0x000000002040c6ac                tvm::runtime::micro_rpc::Unframer::FindPacketCrc()
                0x000000002040c87c                tvm::runtime::micro_rpc::Unframer::FindCrcEnd()
                0x000000002040c948                tvm::runtime::micro_rpc::Framer::Reset()
                0x000000002040c970                tvm::runtime::micro_rpc::Framer::Write(unsigned char const*, unsigned int)
                0x000000002040c9f4                tvm::runtime::micro_rpc::Framer::StartPacket(unsigned int)
                0x000000002040cb70                tvm::runtime::micro_rpc::Framer::WriteAndCrc(unsigned char const*, unsigned int, bool, bool)
                0x000000002040cd50                tvm::runtime::micro_rpc::Framer::WritePayloadChunk(unsigned char const*, unsigned int)
                0x000000002040ce24                tvm::runtime::micro_rpc::Framer::FinishPacket()
 .text._ZN3tvm7runtime9micro_rpc8Unframer12IsBufferFullEj
                0x000000002040cf10       0x3c crt/src/runtime/crt/microtvm_rpc_common/framing.o
                0x000000002040cf10                tvm::runtime::micro_rpc::Unframer::IsBufferFull(unsigned int)
 .text          0x000000002040cf4c      0xbd4 crt/src/runtime/crt/microtvm_rpc_common/session.o
                0x000000002040cf4c                tvm::runtime::micro_rpc::Session::RegenerateNonce()
                0x000000002040cfd8                tvm::runtime::micro_rpc::Session::SendInternal(tvm::runtime::micro_rpc::MessageType, unsigned char const*, unsigned int)
                0x000000002040d078                tvm::runtime::micro_rpc::Session::StartMessage(tvm::runtime::micro_rpc::MessageType, unsigned int)
                0x000000002040d120                tvm::runtime::micro_rpc::Session::SendBodyChunk(unsigned char const*, unsigned int)
                0x000000002040d16c                tvm::runtime::micro_rpc::Session::FinishMessage()
                0x000000002040d1a8                tvm::runtime::micro_rpc::Session::StartSession()
                0x000000002040d268                tvm::runtime::micro_rpc::Session::Initialize(unsigned char)
                0x000000002040d2b0                tvm::runtime::micro_rpc::Session::TerminateSession()
                0x000000002040d30c                tvm::runtime::micro_rpc::Session::SendMessage(tvm::runtime::micro_rpc::MessageType, unsigned char const*, unsigned int)
                0x000000002040d384                tvm::runtime::micro_rpc::Session::SessionReceiver::Write(unsigned char const*, unsigned int)
                0x000000002040d404                tvm::runtime::micro_rpc::Session::SessionReceiver::PacketDone(bool)
                0x000000002040d61c                tvm::runtime::micro_rpc::Session::ClearReceiveBuffer()
                0x000000002040d65c                tvm::runtime::micro_rpc::Session::SendSessionStartReply(tvm::runtime::micro_rpc::SessionHeader const&)
                0x000000002040d734                tvm::runtime::micro_rpc::Session::ProcessStartSessionInit(tvm::runtime::micro_rpc::SessionHeader const&)
                0x000000002040d8a8                tvm::runtime::micro_rpc::Session::ProcessStartSessionReply(tvm::runtime::micro_rpc::SessionHeader const&)
                0x000000002040da90                tvm::runtime::micro_rpc::Session::OnSessionEstablishedMessage()
                0x000000002040dad8                tvm::runtime::micro_rpc::Session::OnSessionTerminatedMessage()
 .text._ZN3tvm7runtime9micro_rpc7Session15SessionReceiverD2Ev
                0x000000002040db20       0x44 crt/src/runtime/crt/microtvm_rpc_common/session.o
                0x000000002040db20                tvm::runtime::micro_rpc::Session::SessionReceiver::~SessionReceiver()
                0x000000002040db20                tvm::runtime::micro_rpc::Session::SessionReceiver::~SessionReceiver()
 .text._ZN3tvm7runtime9micro_rpc7Session15SessionReceiverD0Ev
                0x000000002040db64       0x34 crt/src/runtime/crt/microtvm_rpc_common/session.o
                0x000000002040db64                tvm::runtime::micro_rpc::Session::SessionReceiver::~SessionReceiver()
 .text._ZN3tvm7runtime9micro_rpc7Session15SessionReceiverdlEPv
                0x000000002040db98       0x20 crt/src/runtime/crt/microtvm_rpc_common/session.o
                0x000000002040db98                tvm::runtime::micro_rpc::Session::SessionReceiver::operator delete(void*)
 .text._ZN3tvm7runtime9micro_rpc7Session12SetSessionIdEhh
                0x000000002040dbb8       0x6c crt/src/runtime/crt/microtvm_rpc_common/session.o
                0x000000002040dbb8                tvm::runtime::micro_rpc::Session::SetSessionId(unsigned char, unsigned char)
 .text._ZN3tvm7runtime9micro_rpc7Session14InitiatorNonceEt
                0x000000002040dc24       0x30 crt/src/runtime/crt/microtvm_rpc_common/session.o
                0x000000002040dc24                tvm::runtime::micro_rpc::Session::InitiatorNonce(unsigned short)
 .text._ZN3tvm7runtime9micro_rpc7Session14ResponderNonceEt
                0x000000002040dc54       0x3c crt/src/runtime/crt/microtvm_rpc_common/session.o
                0x000000002040dc54                tvm::runtime::micro_rpc::Session::ResponderNonce(unsigned short)
 .text          0x000000002040dc90      0x14c crt/src/runtime/crt/microtvm_rpc_common/write_stream.o
                0x000000002040dc90                tvm::runtime::micro_rpc::WriteStream::~WriteStream()
                0x000000002040dc90                tvm::runtime::micro_rpc::WriteStream::~WriteStream()
                0x000000002040dcc0                tvm::runtime::micro_rpc::WriteStream::~WriteStream()
                0x000000002040dcf8                tvm::runtime::micro_rpc::WriteStream::WriteAll(unsigned char*, unsigned int, unsigned int*)
 .text          0x000000002040dddc      0x318 crt/src/runtime/crt/microtvm_rpc_server/rpc_server.o
                0x000000002040dddc                operator new[](unsigned int, void*)
                0x000000002040de04                MicroTVMRpcServerInit
                0x000000002040df3c                TVMLogf
                0x000000002040e0a8                MicroTVMRpcServerLoop
 .text._ZN3tvm7runtime9micro_rpc11FrameBufferC2EPhj
                0x000000002040e0f4       0x50 crt/src/runtime/crt/microtvm_rpc_server/rpc_server.o
                0x000000002040e0f4                tvm::runtime::micro_rpc::FrameBuffer::FrameBuffer(unsigned char*, unsigned int)
                0x000000002040e0f4                tvm::runtime::micro_rpc::FrameBuffer::FrameBuffer(unsigned char*, unsigned int)
 .text._ZN3tvm7runtime9micro_rpc8UnframerC2EPNS1_11WriteStreamE
                0x000000002040e144       0x48 crt/src/runtime/crt/microtvm_rpc_server/rpc_server.o
                0x000000002040e144                tvm::runtime::micro_rpc::Unframer::Unframer(tvm::runtime::micro_rpc::WriteStream*)
                0x000000002040e144                tvm::runtime::micro_rpc::Unframer::Unframer(tvm::runtime::micro_rpc::WriteStream*)
 .text._ZN3tvm7runtime9micro_rpc6FramerC2EPNS1_11WriteStreamE
                0x000000002040e18c       0x40 crt/src/runtime/crt/microtvm_rpc_server/rpc_server.o
                0x000000002040e18c                tvm::runtime::micro_rpc::Framer::Framer(tvm::runtime::micro_rpc::WriteStream*)
                0x000000002040e18c                tvm::runtime::micro_rpc::Framer::Framer(tvm::runtime::micro_rpc::WriteStream*)
 .text._ZN3tvm7runtime9micro_rpc7SessionC2EPNS1_6FramerEPNS1_11FrameBufferEPFvPvNS1_11MessageTypeES6_ES7_
                0x000000002040e1cc       0xb8 crt/src/runtime/crt/microtvm_rpc_server/rpc_server.o
                0x000000002040e1cc                tvm::runtime::micro_rpc::Session::Session(tvm::runtime::micro_rpc::Framer*, tvm::runtime::micro_rpc::FrameBuffer*, void (*)(void*, tvm::runtime::micro_rpc::MessageType, tvm::runtime::micro_rpc::FrameBuffer*), void*)
                0x000000002040e1cc                tvm::runtime::micro_rpc::Session::Session(tvm::runtime::micro_rpc::Framer*, tvm::runtime::micro_rpc::FrameBuffer*, void (*)(void*, tvm::runtime::micro_rpc::MessageType, tvm::runtime::micro_rpc::FrameBuffer*), void*)
 .text._ZN3tvm7runtime9micro_rpc7Session8ReceiverEv
                0x000000002040e284       0x28 crt/src/runtime/crt/microtvm_rpc_server/rpc_server.o
                0x000000002040e284                tvm::runtime::micro_rpc::Session::Receiver()
 .text._ZN3tvm7runtime9micro_rpc11WriteStreamC2Ev
                0x000000002040e2ac       0x30 crt/src/runtime/crt/microtvm_rpc_server/rpc_server.o
                0x000000002040e2ac                tvm::runtime::micro_rpc::WriteStream::WriteStream()
                0x000000002040e2ac                tvm::runtime::micro_rpc::WriteStream::WriteStream()
 .text._ZN3tvm7runtime9micro_rpc7Session15SessionReceiverC2EPS2_
                0x000000002040e2dc       0x54 crt/src/runtime/crt/microtvm_rpc_server/rpc_server.o
                0x000000002040e2dc                tvm::runtime::micro_rpc::Session::SessionReceiver::SessionReceiver(tvm::runtime::micro_rpc::Session*)
                0x000000002040e2dc                tvm::runtime::micro_rpc::Session::SessionReceiver::SessionReceiver(tvm::runtime::micro_rpc::Session*)
 .text._ZN3tvm7runtime12RPCReference9StrLengthEPKc
                0x000000002040e330       0x84 crt/src/runtime/crt/microtvm_rpc_server/rpc_server.o
                0x000000002040e330                tvm::runtime::RPCReference::StrLength(char const*)
 .text._ZN3tvm7runtime9micro_rpc14MicroIOHandlerC2EPNS1_7SessionEPNS1_11FrameBufferE
                0x000000002040e3b4       0x40 crt/src/runtime/crt/microtvm_rpc_server/rpc_server.o
                0x000000002040e3b4                tvm::runtime::micro_rpc::MicroIOHandler::MicroIOHandler(tvm::runtime::micro_rpc::Session*, tvm::runtime::micro_rpc::FrameBuffer*)
                0x000000002040e3b4                tvm::runtime::micro_rpc::MicroIOHandler::MicroIOHandler(tvm::runtime::micro_rpc::Session*, tvm::runtime::micro_rpc::FrameBuffer*)
 .text._ZN3tvm7runtime9micro_rpc14MicroIOHandler12MessageStartEj
                0x000000002040e3f4       0x4c crt/src/runtime/crt/microtvm_rpc_server/rpc_server.o
                0x000000002040e3f4                tvm::runtime::micro_rpc::MicroIOHandler::MessageStart(unsigned int)
 .text._ZN3tvm7runtime9micro_rpc14MicroIOHandler10PosixWriteEPKhj
                0x000000002040e440       0x64 crt/src/runtime/crt/microtvm_rpc_server/rpc_server.o
                0x000000002040e440                tvm::runtime::micro_rpc::MicroIOHandler::PosixWrite(unsigned char const*, unsigned int)
 .text._ZN3tvm7runtime9micro_rpc14MicroIOHandler11MessageDoneEv
                0x000000002040e4a4       0x78 crt/src/runtime/crt/microtvm_rpc_server/rpc_server.o
                0x000000002040e4a4                tvm::runtime::micro_rpc::MicroIOHandler::MessageDone()
 .text._ZN3tvm7runtime9micro_rpc14MicroIOHandler9PosixReadEPhj
                0x000000002040e51c       0x4c crt/src/runtime/crt/microtvm_rpc_server/rpc_server.o
                0x000000002040e51c                tvm::runtime::micro_rpc::MicroIOHandler::PosixRead(unsigned char*, unsigned int)
 .text._ZN3tvm7runtime9micro_rpc14MicroIOHandler5CloseEv
                0x000000002040e568       0x20 crt/src/runtime/crt/microtvm_rpc_server/rpc_server.o
                0x000000002040e568                tvm::runtime::micro_rpc::MicroIOHandler::Close()
 .text._ZN3tvm7runtime9micro_rpc14MicroIOHandler4ExitEi
                0x000000002040e588       0x18 crt/src/runtime/crt/microtvm_rpc_server/rpc_server.o
                0x000000002040e588                tvm::runtime::micro_rpc::MicroIOHandler::Exit(int)
 .text._ZN3tvm7runtime9micro_rpc17SerialWriteStreamC2Ev
                0x000000002040e5a0       0x44 crt/src/runtime/crt/microtvm_rpc_server/rpc_server.o
                0x000000002040e5a0                tvm::runtime::micro_rpc::SerialWriteStream::SerialWriteStream()
                0x000000002040e5a0                tvm::runtime::micro_rpc::SerialWriteStream::SerialWriteStream()
 .text._ZN3tvm7runtime9micro_rpc17SerialWriteStreamD2Ev
                0x000000002040e5e4       0x44 crt/src/runtime/crt/microtvm_rpc_server/rpc_server.o
                0x000000002040e5e4                tvm::runtime::micro_rpc::SerialWriteStream::~SerialWriteStream()
                0x000000002040e5e4                tvm::runtime::micro_rpc::SerialWriteStream::~SerialWriteStream()
 .text._ZN3tvm7runtime9micro_rpc17SerialWriteStreamD0Ev
                0x000000002040e628       0x34 crt/src/runtime/crt/microtvm_rpc_server/rpc_server.o
                0x000000002040e628                tvm::runtime::micro_rpc::SerialWriteStream::~SerialWriteStream()
 .text._ZN3tvm7runtime9micro_rpc17SerialWriteStream5WriteEPKhj
                0x000000002040e65c       0x5c crt/src/runtime/crt/microtvm_rpc_server/rpc_server.o
                0x000000002040e65c                tvm::runtime::micro_rpc::SerialWriteStream::Write(unsigned char const*, unsigned int)
 .text._ZN3tvm7runtime9micro_rpc17SerialWriteStream10PacketDoneEb
                0x000000002040e6b8       0x28 crt/src/runtime/crt/microtvm_rpc_server/rpc_server.o
                0x000000002040e6b8                tvm::runtime::micro_rpc::SerialWriteStream::PacketDone(bool)
 .text._ZN3tvm7runtime9micro_rpc17SerialWriteStreamdlEPv
                0x000000002040e6e0       0x20 crt/src/runtime/crt/microtvm_rpc_server/rpc_server.o
                0x000000002040e6e0                tvm::runtime::micro_rpc::SerialWriteStream::operator delete(void*)
 .text._ZN3tvm7runtime9micro_rpc7SessionD2Ev
                0x000000002040e700       0x38 crt/src/runtime/crt/microtvm_rpc_server/rpc_server.o
                0x000000002040e700                tvm::runtime::micro_rpc::Session::~Session()
                0x000000002040e700                tvm::runtime::micro_rpc::Session::~Session()
 .text._ZN3tvm7runtime9micro_rpc14MicroRPCServerC2EPhjPFiPvPKhjES4_
                0x000000002040e738      0x11c crt/src/runtime/crt/microtvm_rpc_server/rpc_server.o
                0x000000002040e738                tvm::runtime::micro_rpc::MicroRPCServer::MicroRPCServer(unsigned char*, unsigned int, int (*)(void*, unsigned char const*, unsigned int), void*)
                0x000000002040e738                tvm::runtime::micro_rpc::MicroRPCServer::MicroRPCServer(unsigned char*, unsigned int, int (*)(void*, unsigned char const*, unsigned int), void*)
 .text._ZN3tvm7runtime9micro_rpc14MicroRPCServernwEjPv
                0x000000002040e854       0x28 crt/src/runtime/crt/microtvm_rpc_server/rpc_server.o
                0x000000002040e854                tvm::runtime::micro_rpc::MicroRPCServer::operator new(unsigned int, void*)
 .text._ZN3tvm7runtime9micro_rpc14MicroRPCServer10InitializeEv
                0x000000002040e87c       0xd0 crt/src/runtime/crt/microtvm_rpc_server/rpc_server.o
                0x000000002040e87c                tvm::runtime::micro_rpc::MicroRPCServer::Initialize()
 .text._ZN3tvm7runtime9micro_rpc14MicroRPCServer4LoopEPPhPj
                0x000000002040e94c       0xf0 crt/src/runtime/crt/microtvm_rpc_server/rpc_server.o
                0x000000002040e94c                tvm::runtime::micro_rpc::MicroRPCServer::Loop(unsigned char**, unsigned int*)
 .text._ZN3tvm7runtime9micro_rpc14MicroRPCServer3LogEPKhj
                0x000000002040ea3c       0x60 crt/src/runtime/crt/microtvm_rpc_server/rpc_server.o
                0x000000002040ea3c                tvm::runtime::micro_rpc::MicroRPCServer::Log(unsigned char const*, unsigned int)
 .text._ZN3tvm7runtime9micro_rpc14MicroRPCServer21HandleCompleteMessageENS1_11MessageTypeEPNS1_11FrameBufferE
                0x000000002040ea9c       0x74 crt/src/runtime/crt/microtvm_rpc_server/rpc_server.o
                0x000000002040ea9c                tvm::runtime::micro_rpc::MicroRPCServer::HandleCompleteMessage(tvm::runtime::micro_rpc::MessageType, tvm::runtime::micro_rpc::FrameBuffer*)
 .text._ZN3tvm7runtime9micro_rpc14MicroRPCServer23HandleCompleteMessageCbEPvNS1_11MessageTypeEPNS1_11FrameBufferE
                0x000000002040eb10       0x48 crt/src/runtime/crt/microtvm_rpc_server/rpc_server.o
                0x000000002040eb10                tvm::runtime::micro_rpc::MicroRPCServer::HandleCompleteMessageCb(void*, tvm::runtime::micro_rpc::MessageType, tvm::runtime::micro_rpc::FrameBuffer*)
 .text._ZN3tvm7runtime12MinRPCServerINS0_9micro_rpc14MicroIOHandlerENS0_6detail13PageAllocatorEEC2EPS3_
                0x000000002040eb58       0x70 crt/src/runtime/crt/microtvm_rpc_server/rpc_server.o
                0x000000002040eb58                tvm::runtime::MinRPCServer<tvm::runtime::micro_rpc::MicroIOHandler, tvm::runtime::detail::PageAllocator>::MinRPCServer(tvm::runtime::micro_rpc::MicroIOHandler*)
                0x000000002040eb58                tvm::runtime::MinRPCServer<tvm::runtime::micro_rpc::MicroIOHandler, tvm::runtime::detail::PageAllocator>::MinRPCServer(tvm::runtime::micro_rpc::MicroIOHandler*)
 .text._ZN3tvm7runtime12MinRPCServerINS0_9micro_rpc14MicroIOHandlerENS0_6detail13PageAllocatorEE16ProcessOnePacketEv
                0x000000002040ebc8      0x130 crt/src/runtime/crt/microtvm_rpc_server/rpc_server.o
                0x000000002040ebc8                tvm::runtime::MinRPCServer<tvm::runtime::micro_rpc::MicroIOHandler, tvm::runtime::detail::PageAllocator>::ProcessOnePacket()
 .text._ZN3tvm7runtime6detail13PageAllocatorINS0_9micro_rpc14MicroIOHandlerEEC2EPS4_
                0x000000002040ecf8       0x30 crt/src/runtime/crt/microtvm_rpc_server/rpc_server.o
                0x000000002040ecf8                tvm::runtime::detail::PageAllocator<tvm::runtime::micro_rpc::MicroIOHandler>::PageAllocator(tvm::runtime::micro_rpc::MicroIOHandler*)
                0x000000002040ecf8                tvm::runtime::detail::PageAllocator<tvm::runtime::micro_rpc::MicroIOHandler>::PageAllocator(tvm::runtime::micro_rpc::MicroIOHandler*)
 .text._ZN3tvm7support12GenericArenaINS_7runtime6detail13PageAllocatorINS2_9micro_rpc14MicroIOHandlerEEEEC2ES7_
                0x000000002040ed28       0x88 crt/src/runtime/crt/microtvm_rpc_server/rpc_server.o
                0x000000002040ed28                tvm::support::GenericArena<tvm::runtime::detail::PageAllocator<tvm::runtime::micro_rpc::MicroIOHandler> >::GenericArena(tvm::runtime::detail::PageAllocator<tvm::runtime::micro_rpc::MicroIOHandler>)
                0x000000002040ed28                tvm::support::GenericArena<tvm::runtime::detail::PageAllocator<tvm::runtime::micro_rpc::MicroIOHandler> >::GenericArena(tvm::runtime::detail::PageAllocator<tvm::runtime::micro_rpc::MicroIOHandler>)
 .text._ZN3tvm7support12GenericArenaINS_7runtime6detail13PageAllocatorINS2_9micro_rpc14MicroIOHandlerEEEE7FreeAllEv
                0x000000002040edb0       0x50 crt/src/runtime/crt/microtvm_rpc_server/rpc_server.o
                0x000000002040edb0                tvm::support::GenericArena<tvm::runtime::detail::PageAllocator<tvm::runtime::micro_rpc::MicroIOHandler> >::FreeAll()
 .text._ZN3tvm7support12GenericArenaINS_7runtime6detail13PageAllocatorINS2_9micro_rpc14MicroIOHandlerEEEE10RecycleAllEv
                0x000000002040ee00       0x74 crt/src/runtime/crt/microtvm_rpc_server/rpc_server.o
                0x000000002040ee00                tvm::support::GenericArena<tvm::runtime::detail::PageAllocator<tvm::runtime::micro_rpc::MicroIOHandler> >::RecycleAll()
 .text._ZN3tvm7runtime12MinRPCServerINS0_9micro_rpc14MicroIOHandlerENS0_6detail13PageAllocatorEE4ReadIyEEvPT_
                0x000000002040ee74       0x3c crt/src/runtime/crt/microtvm_rpc_server/rpc_server.o
                0x000000002040ee74                void tvm::runtime::MinRPCServer<tvm::runtime::micro_rpc::MicroIOHandler, tvm::runtime::detail::PageAllocator>::Read<unsigned long long>(unsigned long long*)
 .text._ZN3tvm7runtime12MinRPCServerINS0_9micro_rpc14MicroIOHandlerENS0_6detail13PageAllocatorEE4ReadINS0_7RPCCodeEEEvPT_
                0x000000002040eeb0       0x3c crt/src/runtime/crt/microtvm_rpc_server/rpc_server.o
                0x000000002040eeb0                void tvm::runtime::MinRPCServer<tvm::runtime::micro_rpc::MicroIOHandler, tvm::runtime::detail::PageAllocator>::Read<tvm::runtime::RPCCode>(tvm::runtime::RPCCode*)
 .text._ZN3tvm7runtime12MinRPCServerINS0_9micro_rpc14MicroIOHandlerENS0_6detail13PageAllocatorEE17HandleSyscallFuncENS0_7RPCCodeE
                0x000000002040eeec      0x1f8 crt/src/runtime/crt/microtvm_rpc_server/rpc_server.o
                0x000000002040eeec                tvm::runtime::MinRPCServer<tvm::runtime::micro_rpc::MicroIOHandler, tvm::runtime::detail::PageAllocator>::HandleSyscallFunc(tvm::runtime::RPCCode)
 .text._ZN3tvm7runtime12MinRPCServerINS0_9micro_rpc14MicroIOHandlerENS0_6detail13PageAllocatorEE20HandleNormalCallFuncEv
                0x000000002040f0e4      0x1b4 crt/src/runtime/crt/microtvm_rpc_server/rpc_server.o
                0x000000002040f0e4                tvm::runtime::MinRPCServer<tvm::runtime::micro_rpc::MicroIOHandler, tvm::runtime::detail::PageAllocator>::HandleNormalCallFunc()
 .text._ZN3tvm7runtime12MinRPCServerINS0_9micro_rpc14MicroIOHandlerENS0_6detail13PageAllocatorEE16HandleInitServerEv
                0x000000002040f298       0xa8 crt/src/runtime/crt/microtvm_rpc_server/rpc_server.o
                0x000000002040f298                tvm::runtime::MinRPCServer<tvm::runtime::micro_rpc::MicroIOHandler, tvm::runtime::detail::PageAllocator>::HandleInitServer()
 .text._ZN3tvm7runtime12MinRPCServerINS0_9micro_rpc14MicroIOHandlerENS0_6detail13PageAllocatorEE20HandleCopyFromRemoteEv
                0x000000002040f340      0x2a0 crt/src/runtime/crt/microtvm_rpc_server/rpc_server.o
                0x000000002040f340                tvm::runtime::MinRPCServer<tvm::runtime::micro_rpc::MicroIOHandler, tvm::runtime::detail::PageAllocator>::HandleCopyFromRemote()
 .text._ZN3tvm7runtime12MinRPCServerINS0_9micro_rpc14MicroIOHandlerENS0_6detail13PageAllocatorEE18HandleCopyToRemoteEv
                0x000000002040f5e0      0x234 crt/src/runtime/crt/microtvm_rpc_server/rpc_server.o
                0x000000002040f5e0                tvm::runtime::MinRPCServer<tvm::runtime::micro_rpc::MicroIOHandler, tvm::runtime::detail::PageAllocator>::HandleCopyToRemote()
 .text._ZN3tvm7runtime12MinRPCServerINS0_9micro_rpc14MicroIOHandlerENS0_6detail13PageAllocatorEE8ShutdownEv
                0x000000002040f814       0x48 crt/src/runtime/crt/microtvm_rpc_server/rpc_server.o
                0x000000002040f814                tvm::runtime::MinRPCServer<tvm::runtime::micro_rpc::MicroIOHandler, tvm::runtime::detail::PageAllocator>::Shutdown()
 .text._ZN3tvm7runtime12MinRPCServerINS0_9micro_rpc14MicroIOHandlerENS0_6detail13PageAllocatorEE10ThrowErrorENS0_15RPCServerStatusENS0_7RPCCodeE
                0x000000002040f85c       0x44 crt/src/runtime/crt/microtvm_rpc_server/rpc_server.o
                0x000000002040f85c                tvm::runtime::MinRPCServer<tvm::runtime::micro_rpc::MicroIOHandler, tvm::runtime::detail::PageAllocator>::ThrowError(tvm::runtime::RPCServerStatus, tvm::runtime::RPCCode)
 .text._ZN3tvm7runtime6detail13PageAllocatorINS0_9micro_rpc14MicroIOHandlerEE8allocateEj
                0x000000002040f8a0       0xe0 crt/src/runtime/crt/microtvm_rpc_server/rpc_server.o
                0x000000002040f8a0                tvm::runtime::detail::PageAllocator<tvm::runtime::micro_rpc::MicroIOHandler>::allocate(unsigned int)
 .text._ZN3tvm7support12GenericArenaINS_7runtime6detail13PageAllocatorINS2_9micro_rpc14MicroIOHandlerEEEE12FreePageListEPPNS0_15ArenaPageHeaderE
                0x000000002040f980       0x6c crt/src/runtime/crt/microtvm_rpc_server/rpc_server.o
                0x000000002040f980                tvm::support::GenericArena<tvm::runtime::detail::PageAllocator<tvm::runtime::micro_rpc::MicroIOHandler> >::FreePageList(tvm::support::ArenaPageHeader**)
 .text._ZN3tvm7runtime12MinRPCServerINS0_9micro_rpc14MicroIOHandlerENS0_6detail13PageAllocatorEE12ReadRawBytesEPvj
                0x000000002040f9ec       0xf4 crt/src/runtime/crt/microtvm_rpc_server/rpc_server.o
                0x000000002040f9ec                tvm::runtime::MinRPCServer<tvm::runtime::micro_rpc::MicroIOHandler, tvm::runtime::detail::PageAllocator>::ReadRawBytes(void*, unsigned int)
 .text._ZN3tvm7runtime12MinRPCServerINS0_9micro_rpc14MicroIOHandlerENS0_6detail13PageAllocatorEE13RecvPackedSeqEPP8TVMValuePPiSA_
                0x000000002040fae0       0x48 crt/src/runtime/crt/microtvm_rpc_server/rpc_server.o
                0x000000002040fae0                tvm::runtime::MinRPCServer<tvm::runtime::micro_rpc::MicroIOHandler, tvm::runtime::detail::PageAllocator>::RecvPackedSeq(TVMValue**, int**, int*)
 .text._ZN3tvm7runtime12MinRPCServerINS0_9micro_rpc14MicroIOHandlerENS0_6detail13PageAllocatorEE17SyscallFreeHandleEP8TVMValuePii
                0x000000002040fb28      0x148 crt/src/runtime/crt/microtvm_rpc_server/rpc_server.o
                0x000000002040fb28                tvm::runtime::MinRPCServer<tvm::runtime::micro_rpc::MicroIOHandler, tvm::runtime::detail::PageAllocator>::SyscallFreeHandle(TVMValue*, int*, int)
 .text._ZN3tvm7runtime12MinRPCServerINS0_9micro_rpc14MicroIOHandlerENS0_6detail13PageAllocatorEE20SyscallGetGlobalFuncEP8TVMValuePii
                0x000000002040fc70       0xb0 crt/src/runtime/crt/microtvm_rpc_server/rpc_server.o
                0x000000002040fc70                tvm::runtime::MinRPCServer<tvm::runtime::micro_rpc::MicroIOHandler, tvm::runtime::detail::PageAllocator>::SyscallGetGlobalFunc(TVMValue*, int*, int)
 .text._ZN3tvm7runtime12MinRPCServerINS0_9micro_rpc14MicroIOHandlerENS0_6detail13PageAllocatorEE15ReturnExceptionEPKc
                0x000000002040fd20       0x38 crt/src/runtime/crt/microtvm_rpc_server/rpc_server.o
                0x000000002040fd20                tvm::runtime::MinRPCServer<tvm::runtime::micro_rpc::MicroIOHandler, tvm::runtime::detail::PageAllocator>::ReturnException(char const*)
 .text._ZN3tvm7runtime12MinRPCServerINS0_9micro_rpc14MicroIOHandlerENS0_6detail13PageAllocatorEE19SyscallDevAllocDataEP8TVMValuePii
                0x000000002040fd58      0x16c crt/src/runtime/crt/microtvm_rpc_server/rpc_server.o
                0x000000002040fd58                tvm::runtime::MinRPCServer<tvm::runtime::micro_rpc::MicroIOHandler, tvm::runtime::detail::PageAllocator>::SyscallDevAllocData(TVMValue*, int*, int)
 .text._ZN3tvm7runtime12MinRPCServerINS0_9micro_rpc14MicroIOHandlerENS0_6detail13PageAllocatorEE28SyscallDevAllocDataWithScopeEP8TVMValuePii
                0x000000002040fec4      0x13c crt/src/runtime/crt/microtvm_rpc_server/rpc_server.o
                0x000000002040fec4                tvm::runtime::MinRPCServer<tvm::runtime::micro_rpc::MicroIOHandler, tvm::runtime::detail::PageAllocator>::SyscallDevAllocDataWithScope(TVMValue*, int*, int)
 .text._ZN3tvm7runtime12MinRPCServerINS0_9micro_rpc14MicroIOHandlerENS0_6detail13PageAllocatorEE18SyscallDevFreeDataEP8TVMValuePii
                0x0000000020410000       0xe8 crt/src/runtime/crt/microtvm_rpc_server/rpc_server.o
                0x0000000020410000                tvm::runtime::MinRPCServer<tvm::runtime::micro_rpc::MicroIOHandler, tvm::runtime::detail::PageAllocator>::SyscallDevFreeData(TVMValue*, int*, int)
 .text._ZN3tvm7runtime12MinRPCServerINS0_9micro_rpc14MicroIOHandlerENS0_6detail13PageAllocatorEE22SyscallDevCreateStreamEP8TVMValuePii
                0x00000000204100e8       0xcc crt/src/runtime/crt/microtvm_rpc_server/rpc_server.o
                0x00000000204100e8                tvm::runtime::MinRPCServer<tvm::runtime::micro_rpc::MicroIOHandler, tvm::runtime::detail::PageAllocator>::SyscallDevCreateStream(TVMValue*, int*, int)
 .text._ZN3tvm7runtime12MinRPCServerINS0_9micro_rpc14MicroIOHandlerENS0_6detail13PageAllocatorEE20SyscallDevFreeStreamEP8TVMValuePii
                0x00000000204101b4       0xf4 crt/src/runtime/crt/microtvm_rpc_server/rpc_server.o
                0x00000000204101b4                tvm::runtime::MinRPCServer<tvm::runtime::micro_rpc::MicroIOHandler, tvm::runtime::detail::PageAllocator>::SyscallDevFreeStream(TVMValue*, int*, int)
 .text._ZN3tvm7runtime12MinRPCServerINS0_9micro_rpc14MicroIOHandlerENS0_6detail13PageAllocatorEE20SyscallDevStreamSyncEP8TVMValuePii
                0x00000000204102a8       0xf4 crt/src/runtime/crt/microtvm_rpc_server/rpc_server.o
                0x00000000204102a8                tvm::runtime::MinRPCServer<tvm::runtime::micro_rpc::MicroIOHandler, tvm::runtime::detail::PageAllocator>::SyscallDevStreamSync(TVMValue*, int*, int)
 .text._ZN3tvm7runtime12MinRPCServerINS0_9micro_rpc14MicroIOHandlerENS0_6detail13PageAllocatorEE19SyscallDevSetStreamEP8TVMValuePii
                0x000000002041039c       0xf4 crt/src/runtime/crt/microtvm_rpc_server/rpc_server.o
                0x000000002041039c                tvm::runtime::MinRPCServer<tvm::runtime::micro_rpc::MicroIOHandler, tvm::runtime::detail::PageAllocator>::SyscallDevSetStream(TVMValue*, int*, int)
 .text._ZN3tvm7runtime12MinRPCServerINS0_9micro_rpc14MicroIOHandlerENS0_6detail13PageAllocatorEE22SyscallCopyAmongRemoteEP8TVMValuePii
                0x0000000020410490      0x114 crt/src/runtime/crt/microtvm_rpc_server/rpc_server.o
                0x0000000020410490                tvm::runtime::MinRPCServer<tvm::runtime::micro_rpc::MicroIOHandler, tvm::runtime::detail::PageAllocator>::SyscallCopyAmongRemote(TVMValue*, int*, int)
 .text._ZN3tvm7runtime12MinRPCServerINS0_9micro_rpc14MicroIOHandlerENS0_6detail13PageAllocatorEE15ReturnPackedSeqEPK8TVMValuePKii
                0x00000000204105a4       0x48 crt/src/runtime/crt/microtvm_rpc_server/rpc_server.o
                0x00000000204105a4                tvm::runtime::MinRPCServer<tvm::runtime::micro_rpc::MicroIOHandler, tvm::runtime::detail::PageAllocator>::ReturnPackedSeq(TVMValue const*, int const*, int)
 .text._ZN3tvm7runtime12MinRPCServerINS0_9micro_rpc14MicroIOHandlerENS0_6detail13PageAllocatorEE18ReturnLastTVMErrorEv
                0x00000000204105ec       0x3c crt/src/runtime/crt/microtvm_rpc_server/rpc_server.o
                0x00000000204105ec                tvm::runtime::MinRPCServer<tvm::runtime::micro_rpc::MicroIOHandler, tvm::runtime::detail::PageAllocator>::ReturnLastTVMError()
 .text._ZN3tvm7runtime12MinRPCServerINS0_9micro_rpc14MicroIOHandlerENS0_6detail13PageAllocatorEE10ArenaAllocIcEEPT_i
                0x0000000020410628       0x44 crt/src/runtime/crt/microtvm_rpc_server/rpc_server.o
                0x0000000020410628                char* tvm::runtime::MinRPCServer<tvm::runtime::micro_rpc::MicroIOHandler, tvm::runtime::detail::PageAllocator>::ArenaAlloc<char>(int)
 .text._ZN3tvm7runtime12MinRPCServerINS0_9micro_rpc14MicroIOHandlerENS0_6detail13PageAllocatorEE9ReadArrayIcEEvPT_j
                0x000000002041066c       0x3c crt/src/runtime/crt/microtvm_rpc_server/rpc_server.o
                0x000000002041066c                void tvm::runtime::MinRPCServer<tvm::runtime::micro_rpc::MicroIOHandler, tvm::runtime::detail::PageAllocator>::ReadArray<char>(char*, unsigned int)
 .text._ZN3tvm7runtime12MinRPCServerINS0_9micro_rpc14MicroIOHandlerENS0_6detail13PageAllocatorEE10ReturnVoidEv
                0x00000000204106a8       0xbc crt/src/runtime/crt/microtvm_rpc_server/rpc_server.o
                0x00000000204106a8                tvm::runtime::MinRPCServer<tvm::runtime::micro_rpc::MicroIOHandler, tvm::runtime::detail::PageAllocator>::ReturnVoid()
 .text._ZN3tvm7runtime12MinRPCServerINS0_9micro_rpc14MicroIOHandlerENS0_6detail13PageAllocatorEE10ArenaAllocI8DLTensorEEPT_i
                0x0000000020410764       0x44 crt/src/runtime/crt/microtvm_rpc_server/rpc_server.o
                0x0000000020410764                DLTensor* tvm::runtime::MinRPCServer<tvm::runtime::micro_rpc::MicroIOHandler, tvm::runtime::detail::PageAllocator>::ArenaAlloc<DLTensor>(int)
 .text._ZN3tvm7runtime12MinRPCServerINS0_9micro_rpc14MicroIOHandlerENS0_6detail13PageAllocatorEE4ReadI8DLDeviceEEvPT_
                0x00000000204107a8       0x3c crt/src/runtime/crt/microtvm_rpc_server/rpc_server.o
                0x00000000204107a8                void tvm::runtime::MinRPCServer<tvm::runtime::micro_rpc::MicroIOHandler, tvm::runtime::detail::PageAllocator>::Read<DLDevice>(DLDevice*)
 .text._ZN3tvm7runtime12MinRPCServerINS0_9micro_rpc14MicroIOHandlerENS0_6detail13PageAllocatorEE4ReadIiEEvPT_
                0x00000000204107e4       0x3c crt/src/runtime/crt/microtvm_rpc_server/rpc_server.o
                0x00000000204107e4                void tvm::runtime::MinRPCServer<tvm::runtime::micro_rpc::MicroIOHandler, tvm::runtime::detail::PageAllocator>::Read<int>(int*)
 .text._ZN3tvm7runtime12MinRPCServerINS0_9micro_rpc14MicroIOHandlerENS0_6detail13PageAllocatorEE4ReadI10DLDataTypeEEvPT_
                0x0000000020410820       0x3c crt/src/runtime/crt/microtvm_rpc_server/rpc_server.o
                0x0000000020410820                void tvm::runtime::MinRPCServer<tvm::runtime::micro_rpc::MicroIOHandler, tvm::runtime::detail::PageAllocator>::Read<DLDataType>(DLDataType*)
 .text._ZN3tvm7runtime12MinRPCServerINS0_9micro_rpc14MicroIOHandlerENS0_6detail13PageAllocatorEE10ArenaAllocIxEEPT_i
                0x000000002041085c       0x44 crt/src/runtime/crt/microtvm_rpc_server/rpc_server.o
                0x000000002041085c                long long* tvm::runtime::MinRPCServer<tvm::runtime::micro_rpc::MicroIOHandler, tvm::runtime::detail::PageAllocator>::ArenaAlloc<long long>(int)
 .text._ZN3tvm7runtime12MinRPCServerINS0_9micro_rpc14MicroIOHandlerENS0_6detail13PageAllocatorEE9ReadArrayIxEEvPT_j
                0x00000000204108a0       0x44 crt/src/runtime/crt/microtvm_rpc_server/rpc_server.o
                0x00000000204108a0                void tvm::runtime::MinRPCServer<tvm::runtime::micro_rpc::MicroIOHandler, tvm::runtime::detail::PageAllocator>::ReadArray<long long>(long long*, unsigned int)
 .text._ZN3tvm7runtime12MinRPCServerINS0_9micro_rpc14MicroIOHandlerENS0_6detail13PageAllocatorEE10ArenaAllocIhEEPT_i
                0x00000000204108e4       0x44 crt/src/runtime/crt/microtvm_rpc_server/rpc_server.o
                0x00000000204108e4                unsigned char* tvm::runtime::MinRPCServer<tvm::runtime::micro_rpc::MicroIOHandler, tvm::runtime::detail::PageAllocator>::ArenaAlloc<unsigned char>(int)
 .text._ZN3tvm7runtime12MinRPCServerINS0_9micro_rpc14MicroIOHandlerENS0_6detail13PageAllocatorEE5WriteIyEEvRKT_
                0x0000000020410928       0x38 crt/src/runtime/crt/microtvm_rpc_server/rpc_server.o
                0x0000000020410928                void tvm::runtime::MinRPCServer<tvm::runtime::micro_rpc::MicroIOHandler, tvm::runtime::detail::PageAllocator>::Write<unsigned long long>(unsigned long long const&)
 .text._ZN3tvm7runtime12MinRPCServerINS0_9micro_rpc14MicroIOHandlerENS0_6detail13PageAllocatorEE5WriteINS0_7RPCCodeEEEvRKT_
                0x0000000020410960       0x38 crt/src/runtime/crt/microtvm_rpc_server/rpc_server.o
                0x0000000020410960                void tvm::runtime::MinRPCServer<tvm::runtime::micro_rpc::MicroIOHandler, tvm::runtime::detail::PageAllocator>::Write<tvm::runtime::RPCCode>(tvm::runtime::RPCCode const&)
 .text._ZN3tvm7runtime12MinRPCServerINS0_9micro_rpc14MicroIOHandlerENS0_6detail13PageAllocatorEE10WriteArrayIhEEvPT_j
                0x0000000020410998       0x3c crt/src/runtime/crt/microtvm_rpc_server/rpc_server.o
                0x0000000020410998                void tvm::runtime::MinRPCServer<tvm::runtime::micro_rpc::MicroIOHandler, tvm::runtime::detail::PageAllocator>::WriteArray<unsigned char>(unsigned char*, unsigned int)
 .text._ZN3tvm7runtime12MinRPCServerINS0_9micro_rpc14MicroIOHandlerENS0_6detail13PageAllocatorEE9ReadArrayIhEEvPT_j
                0x00000000204109d4       0x3c crt/src/runtime/crt/microtvm_rpc_server/rpc_server.o
                0x00000000204109d4                void tvm::runtime::MinRPCServer<tvm::runtime::micro_rpc::MicroIOHandler, tvm::runtime::detail::PageAllocator>::ReadArray<unsigned char>(unsigned char*, unsigned int)
 .text._ZN3tvm7runtime6detail13PageAllocatorINS0_9micro_rpc14MicroIOHandlerEE10deallocateEPNS_7support15ArenaPageHeaderE
                0x0000000020410a10       0x68 crt/src/runtime/crt/microtvm_rpc_server/rpc_server.o
                0x0000000020410a10                tvm::runtime::detail::PageAllocator<tvm::runtime::micro_rpc::MicroIOHandler>::deallocate(tvm::support::ArenaPageHeader*)
 .text._ZN3tvm7runtime12RPCReference13RecvPackedSeqINS0_12MinRPCServerINS0_9micro_rpc14MicroIOHandlerENS0_6detail13PageAllocatorEEEEEvPP8TVMValuePPiSC_PT_
                0x0000000020410a78      0x2dc crt/src/runtime/crt/microtvm_rpc_server/rpc_server.o
                0x0000000020410a78                void tvm::runtime::RPCReference::RecvPackedSeq<tvm::runtime::MinRPCServer<tvm::runtime::micro_rpc::MicroIOHandler, tvm::runtime::detail::PageAllocator> >(TVMValue**, int**, int*, tvm::runtime::MinRPCServer<tvm::runtime::micro_rpc::MicroIOHandler, tvm::runtime::detail::PageAllocator>*)
 .text._ZN3tvm7runtime12MinRPCServerINS0_9micro_rpc14MicroIOHandlerENS0_6detail13PageAllocatorEE12ReturnHandleEPv
                0x0000000020410d54       0xe8 crt/src/runtime/crt/microtvm_rpc_server/rpc_server.o
                0x0000000020410d54                tvm::runtime::MinRPCServer<tvm::runtime::micro_rpc::MicroIOHandler, tvm::runtime::detail::PageAllocator>::ReturnHandle(void*)
 .text._ZN3tvm7runtime12RPCReference15ReturnExceptionINS0_12MinRPCServerINS0_9micro_rpc14MicroIOHandlerENS0_6detail13PageAllocatorEEEEEvPKcPT_
                0x0000000020410e3c      0x11c crt/src/runtime/crt/microtvm_rpc_server/rpc_server.o
                0x0000000020410e3c                void tvm::runtime::RPCReference::ReturnException<tvm::runtime::MinRPCServer<tvm::runtime::micro_rpc::MicroIOHandler, tvm::runtime::detail::PageAllocator> >(char const*, tvm::runtime::MinRPCServer<tvm::runtime::micro_rpc::MicroIOHandler, tvm::runtime::detail::PageAllocator>*)
 .text._ZN3tvm7runtime12RPCReference15ReturnPackedSeqINS0_12MinRPCServerINS0_9micro_rpc14MicroIOHandlerENS0_6detail13PageAllocatorEEEEEvPK8TVMValuePKiiPT_
                0x0000000020410f58       0xdc crt/src/runtime/crt/microtvm_rpc_server/rpc_server.o
                0x0000000020410f58                void tvm::runtime::RPCReference::ReturnPackedSeq<tvm::runtime::MinRPCServer<tvm::runtime::micro_rpc::MicroIOHandler, tvm::runtime::detail::PageAllocator> >(TVMValue const*, int const*, int, tvm::runtime::MinRPCServer<tvm::runtime::micro_rpc::MicroIOHandler, tvm::runtime::detail::PageAllocator>*)
 .text._ZN3tvm7support12GenericArenaINS_7runtime6detail13PageAllocatorINS2_9micro_rpc14MicroIOHandlerEEEE9allocate_IcEEPT_i
                0x0000000020411034       0x44 crt/src/runtime/crt/microtvm_rpc_server/rpc_server.o
                0x0000000020411034                char* tvm::support::GenericArena<tvm::runtime::detail::PageAllocator<tvm::runtime::micro_rpc::MicroIOHandler> >::allocate_<char>(int)
 .text._ZN3tvm7runtime12MinRPCServerINS0_9micro_rpc14MicroIOHandlerENS0_6detail13PageAllocatorEE5WriteIlEEvRKT_
                0x0000000020411078       0x38 crt/src/runtime/crt/microtvm_rpc_server/rpc_server.o
                0x0000000020411078                void tvm::runtime::MinRPCServer<tvm::runtime::micro_rpc::MicroIOHandler, tvm::runtime::detail::PageAllocator>::Write<long>(long const&)
 .text._ZN3tvm7support12GenericArenaINS_7runtime6detail13PageAllocatorINS2_9micro_rpc14MicroIOHandlerEEEE9allocate_I8DLTensorEEPT_i
                0x00000000204110b0       0x54 crt/src/runtime/crt/microtvm_rpc_server/rpc_server.o
                0x00000000204110b0                DLTensor* tvm::support::GenericArena<tvm::runtime::detail::PageAllocator<tvm::runtime::micro_rpc::MicroIOHandler> >::allocate_<DLTensor>(int)
 .text._ZN3tvm7support12GenericArenaINS_7runtime6detail13PageAllocatorINS2_9micro_rpc14MicroIOHandlerEEEE9allocate_IxEEPT_i
                0x0000000020411104       0x48 crt/src/runtime/crt/microtvm_rpc_server/rpc_server.o
                0x0000000020411104                long long* tvm::support::GenericArena<tvm::runtime::detail::PageAllocator<tvm::runtime::micro_rpc::MicroIOHandler> >::allocate_<long long>(int)
 .text._ZN3tvm7support12GenericArenaINS_7runtime6detail13PageAllocatorINS2_9micro_rpc14MicroIOHandlerEEEE9allocate_IhEEPT_i
                0x000000002041114c       0x44 crt/src/runtime/crt/microtvm_rpc_server/rpc_server.o
                0x000000002041114c                unsigned char* tvm::support::GenericArena<tvm::runtime::detail::PageAllocator<tvm::runtime::micro_rpc::MicroIOHandler> >::allocate_<unsigned char>(int)
 .text._ZN3tvm7runtime12MinRPCServerINS0_9micro_rpc14MicroIOHandlerENS0_6detail13PageAllocatorEE13WriteRawBytesEPKvj
                0x0000000020411190       0xb8 crt/src/runtime/crt/microtvm_rpc_server/rpc_server.o
                0x0000000020411190                tvm::runtime::MinRPCServer<tvm::runtime::micro_rpc::MicroIOHandler, tvm::runtime::detail::PageAllocator>::WriteRawBytes(void const*, unsigned int)
 .text._ZN3tvm7runtime12MinRPCServerINS0_9micro_rpc14MicroIOHandlerENS0_6detail13PageAllocatorEE10ArenaAllocI8TVMValueEEPT_i
                0x0000000020411248       0x44 crt/src/runtime/crt/microtvm_rpc_server/rpc_server.o
                0x0000000020411248                TVMValue* tvm::runtime::MinRPCServer<tvm::runtime::micro_rpc::MicroIOHandler, tvm::runtime::detail::PageAllocator>::ArenaAlloc<TVMValue>(int)
 .text._ZN3tvm7runtime12MinRPCServerINS0_9micro_rpc14MicroIOHandlerENS0_6detail13PageAllocatorEE10ArenaAllocIiEEPT_i
                0x000000002041128c       0x44 crt/src/runtime/crt/microtvm_rpc_server/rpc_server.o
                0x000000002041128c                int* tvm::runtime::MinRPCServer<tvm::runtime::micro_rpc::MicroIOHandler, tvm::runtime::detail::PageAllocator>::ArenaAlloc<int>(int)
 .text._ZN3tvm7runtime12MinRPCServerINS0_9micro_rpc14MicroIOHandlerENS0_6detail13PageAllocatorEE9ReadArrayIiEEvPT_j
                0x00000000204112d0       0x44 crt/src/runtime/crt/microtvm_rpc_server/rpc_server.o
                0x00000000204112d0                void tvm::runtime::MinRPCServer<tvm::runtime::micro_rpc::MicroIOHandler, tvm::runtime::detail::PageAllocator>::ReadArray<int>(int*, unsigned int)
 .text._ZN3tvm7runtime12MinRPCServerINS0_9micro_rpc14MicroIOHandlerENS0_6detail13PageAllocatorEE4ReadIxEEvPT_
                0x0000000020411314       0x3c crt/src/runtime/crt/microtvm_rpc_server/rpc_server.o
                0x0000000020411314                void tvm::runtime::MinRPCServer<tvm::runtime::micro_rpc::MicroIOHandler, tvm::runtime::detail::PageAllocator>::Read<long long>(long long*)
 .text._ZN3tvm7runtime12MinRPCServerINS0_9micro_rpc14MicroIOHandlerENS0_6detail13PageAllocatorEE4ReadIlEEvPT_
                0x0000000020411350       0x3c crt/src/runtime/crt/microtvm_rpc_server/rpc_server.o
                0x0000000020411350                void tvm::runtime::MinRPCServer<tvm::runtime::micro_rpc::MicroIOHandler, tvm::runtime::detail::PageAllocator>::Read<long>(long*)
 .text._ZN3tvm7runtime12MinRPCServerINS0_9micro_rpc14MicroIOHandlerENS0_6detail13PageAllocatorEE10ArenaAllocI12TVMByteArrayEEPT_i
                0x000000002041138c       0x44 crt/src/runtime/crt/microtvm_rpc_server/rpc_server.o
                0x000000002041138c                TVMByteArray* tvm::runtime::MinRPCServer<tvm::runtime::micro_rpc::MicroIOHandler, tvm::runtime::detail::PageAllocator>::ArenaAlloc<TVMByteArray>(int)
 .text._ZN3tvm7runtime12RPCReference15ReceiveDLTensorIPNS0_12MinRPCServerINS0_9micro_rpc14MicroIOHandlerENS0_6detail13PageAllocatorEEEEEP8DLTensorT_
                0x00000000204113d0      0x100 crt/src/runtime/crt/microtvm_rpc_server/rpc_server.o
                0x00000000204113d0                DLTensor* tvm::runtime::RPCReference::ReceiveDLTensor<tvm::runtime::MinRPCServer<tvm::runtime::micro_rpc::MicroIOHandler, tvm::runtime::detail::PageAllocator>*>(tvm::runtime::MinRPCServer<tvm::runtime::micro_rpc::MicroIOHandler, tvm::runtime::detail::PageAllocator>*)
 .text._ZN3tvm7runtime12MinRPCServerINS0_9micro_rpc14MicroIOHandlerENS0_6detail13PageAllocatorEE12MessageStartEy
                0x00000000204114d0       0x48 crt/src/runtime/crt/microtvm_rpc_server/rpc_server.o
                0x00000000204114d0                tvm::runtime::MinRPCServer<tvm::runtime::micro_rpc::MicroIOHandler, tvm::runtime::detail::PageAllocator>::MessageStart(unsigned long long)
 .text._ZN3tvm7runtime12MinRPCServerINS0_9micro_rpc14MicroIOHandlerENS0_6detail13PageAllocatorEE10WriteArrayIKcEEvPT_j
                0x0000000020411518       0x3c crt/src/runtime/crt/microtvm_rpc_server/rpc_server.o
                0x0000000020411518                void tvm::runtime::MinRPCServer<tvm::runtime::micro_rpc::MicroIOHandler, tvm::runtime::detail::PageAllocator>::WriteArray<char const>(char const*, unsigned int)
 .text._ZN3tvm7runtime12MinRPCServerINS0_9micro_rpc14MicroIOHandlerENS0_6detail13PageAllocatorEE11MessageDoneEv
                0x0000000020411554       0x38 crt/src/runtime/crt/microtvm_rpc_server/rpc_server.o
                0x0000000020411554                tvm::runtime::MinRPCServer<tvm::runtime::micro_rpc::MicroIOHandler, tvm::runtime::detail::PageAllocator>::MessageDone()
 .text._ZN3tvm7runtime12RPCReference20PackedSeqGetNumBytesINS0_12MinRPCServerINS0_9micro_rpc14MicroIOHandlerENS0_6detail13PageAllocatorEEEEEyPK8TVMValuePKiibPT_
                0x000000002041158c       0x80 crt/src/runtime/crt/microtvm_rpc_server/rpc_server.o
                0x000000002041158c                unsigned long long tvm::runtime::RPCReference::PackedSeqGetNumBytes<tvm::runtime::MinRPCServer<tvm::runtime::micro_rpc::MicroIOHandler, tvm::runtime::detail::PageAllocator> >(TVMValue const*, int const*, int, bool, tvm::runtime::MinRPCServer<tvm::runtime::micro_rpc::MicroIOHandler, tvm::runtime::detail::PageAllocator>*)
 .text._ZN3tvm7runtime12RPCReference13SendPackedSeqINS0_12MinRPCServerINS0_9micro_rpc14MicroIOHandlerENS0_6detail13PageAllocatorEEEEEvPK8TVMValuePKiibPT_
                0x000000002041160c      0x2ec crt/src/runtime/crt/microtvm_rpc_server/rpc_server.o
                0x000000002041160c                void tvm::runtime::RPCReference::SendPackedSeq<tvm::runtime::MinRPCServer<tvm::runtime::micro_rpc::MicroIOHandler, tvm::runtime::detail::PageAllocator> >(TVMValue const*, int const*, int, bool, tvm::runtime::MinRPCServer<tvm::runtime::micro_rpc::MicroIOHandler, tvm::runtime::detail::PageAllocator>*)
 .text._ZN3tvm7support12GenericArenaINS_7runtime6detail13PageAllocatorINS2_9micro_rpc14MicroIOHandlerEEEE5AllocEjj
                0x00000000204118f8      0x158 crt/src/runtime/crt/microtvm_rpc_server/rpc_server.o
                0x00000000204118f8                tvm::support::GenericArena<tvm::runtime::detail::PageAllocator<tvm::runtime::micro_rpc::MicroIOHandler> >::Alloc(unsigned int, unsigned int)
 .text._ZN3tvm7support12GenericArenaINS_7runtime6detail13PageAllocatorINS2_9micro_rpc14MicroIOHandlerEEEE9allocate_I8TVMValueEEPT_i
                0x0000000020411a50       0x48 crt/src/runtime/crt/microtvm_rpc_server/rpc_server.o
                0x0000000020411a50                TVMValue* tvm::support::GenericArena<tvm::runtime::detail::PageAllocator<tvm::runtime::micro_rpc::MicroIOHandler> >::allocate_<TVMValue>(int)
 .text._ZN3tvm7support12GenericArenaINS_7runtime6detail13PageAllocatorINS2_9micro_rpc14MicroIOHandlerEEEE9allocate_IiEEPT_i
                0x0000000020411a98       0x48 crt/src/runtime/crt/microtvm_rpc_server/rpc_server.o
                0x0000000020411a98                int* tvm::support::GenericArena<tvm::runtime::detail::PageAllocator<tvm::runtime::micro_rpc::MicroIOHandler> >::allocate_<int>(int)
 .text._ZN3tvm7support12GenericArenaINS_7runtime6detail13PageAllocatorINS2_9micro_rpc14MicroIOHandlerEEEE9allocate_I12TVMByteArrayEEPT_i
                0x0000000020411ae0       0x48 crt/src/runtime/crt/microtvm_rpc_server/rpc_server.o
                0x0000000020411ae0                TVMByteArray* tvm::support::GenericArena<tvm::runtime::detail::PageAllocator<tvm::runtime::micro_rpc::MicroIOHandler> >::allocate_<TVMByteArray>(int)
 .text._ZN3tvm7runtime12RPCReference23PackedSeqNumBytesGetterINS0_12MinRPCServerINS0_9micro_rpc14MicroIOHandlerENS0_6detail13PageAllocatorEEEEC2EPS8_
                0x0000000020411b28       0x44 crt/src/runtime/crt/microtvm_rpc_server/rpc_server.o
                0x0000000020411b28                tvm::runtime::RPCReference::PackedSeqNumBytesGetter<tvm::runtime::MinRPCServer<tvm::runtime::micro_rpc::MicroIOHandler, tvm::runtime::detail::PageAllocator> >::PackedSeqNumBytesGetter(tvm::runtime::MinRPCServer<tvm::runtime::micro_rpc::MicroIOHandler, tvm::runtime::detail::PageAllocator>*)
                0x0000000020411b28                tvm::runtime::RPCReference::PackedSeqNumBytesGetter<tvm::runtime::MinRPCServer<tvm::runtime::micro_rpc::MicroIOHandler, tvm::runtime::detail::PageAllocator> >::PackedSeqNumBytesGetter(tvm::runtime::MinRPCServer<tvm::runtime::micro_rpc::MicroIOHandler, tvm::runtime::detail::PageAllocator>*)
 .text._ZN3tvm7runtime12RPCReference13SendPackedSeqINS1_23PackedSeqNumBytesGetterINS0_12MinRPCServerINS0_9micro_rpc14MicroIOHandlerENS0_6detail13PageAllocatorEEEEEEEvPK8TVMValuePKiibPT_
                0x0000000020411b6c      0x2e0 crt/src/runtime/crt/microtvm_rpc_server/rpc_server.o
                0x0000000020411b6c                void tvm::runtime::RPCReference::SendPackedSeq<tvm::runtime::RPCReference::PackedSeqNumBytesGetter<tvm::runtime::MinRPCServer<tvm::runtime::micro_rpc::MicroIOHandler, tvm::runtime::detail::PageAllocator> > >(TVMValue const*, int const*, int, bool, tvm::runtime::RPCReference::PackedSeqNumBytesGetter<tvm::runtime::MinRPCServer<tvm::runtime::micro_rpc::MicroIOHandler, tvm::runtime::detail::PageAllocator> >*)
 .text._ZNK3tvm7runtime12RPCReference23PackedSeqNumBytesGetterINS0_12MinRPCServerINS0_9micro_rpc14MicroIOHandlerENS0_6detail13PageAllocatorEEEE9num_bytesEv
                0x0000000020411e4c       0x30 crt/src/runtime/crt/microtvm_rpc_server/rpc_server.o
                0x0000000020411e4c                tvm::runtime::RPCReference::PackedSeqNumBytesGetter<tvm::runtime::MinRPCServer<tvm::runtime::micro_rpc::MicroIOHandler, tvm::runtime::detail::PageAllocator> >::num_bytes() const
 .text._ZN3tvm7runtime12MinRPCServerINS0_9micro_rpc14MicroIOHandlerENS0_6detail13PageAllocatorEE5WriteIiEEvRKT_
                0x0000000020411e7c       0x38 crt/src/runtime/crt/microtvm_rpc_server/rpc_server.o
                0x0000000020411e7c                void tvm::runtime::MinRPCServer<tvm::runtime::micro_rpc::MicroIOHandler, tvm::runtime::detail::PageAllocator>::Write<int>(int const&)
 .text._ZN3tvm7runtime12MinRPCServerINS0_9micro_rpc14MicroIOHandlerENS0_6detail13PageAllocatorEE10WriteArrayIKiEEvPT_j
                0x0000000020411eb4       0x44 crt/src/runtime/crt/microtvm_rpc_server/rpc_server.o
                0x0000000020411eb4                void tvm::runtime::MinRPCServer<tvm::runtime::micro_rpc::MicroIOHandler, tvm::runtime::detail::PageAllocator>::WriteArray<int const>(int const*, unsigned int)
 .text._ZN3tvm7runtime12MinRPCServerINS0_9micro_rpc14MicroIOHandlerENS0_6detail13PageAllocatorEE5WriteIxEEvRKT_
                0x0000000020411ef8       0x38 crt/src/runtime/crt/microtvm_rpc_server/rpc_server.o
                0x0000000020411ef8                void tvm::runtime::MinRPCServer<tvm::runtime::micro_rpc::MicroIOHandler, tvm::runtime::detail::PageAllocator>::Write<long long>(long long const&)
 .text._ZN3tvm7runtime12MinRPCServerINS0_9micro_rpc14MicroIOHandlerENS0_6detail13PageAllocatorEE5WriteI10DLDataTypeEEvRKT_
                0x0000000020411f30       0x38 crt/src/runtime/crt/microtvm_rpc_server/rpc_server.o
                0x0000000020411f30                void tvm::runtime::MinRPCServer<tvm::runtime::micro_rpc::MicroIOHandler, tvm::runtime::detail::PageAllocator>::Write<DLDataType>(DLDataType const&)
 .text._ZN3tvm7runtime12MinRPCServerINS0_9micro_rpc14MicroIOHandlerENS0_6detail13PageAllocatorEE5WriteI8DLDeviceEEvRKT_
                0x0000000020411f68       0x38 crt/src/runtime/crt/microtvm_rpc_server/rpc_server.o
                0x0000000020411f68                void tvm::runtime::MinRPCServer<tvm::runtime::micro_rpc::MicroIOHandler, tvm::runtime::detail::PageAllocator>::Write<DLDevice>(DLDevice const&)
 .text._ZN3tvm7runtime12RPCReference12SendDLTensorIPNS0_12MinRPCServerINS0_9micro_rpc14MicroIOHandlerENS0_6detail13PageAllocatorEEEEEvT_P8DLTensor
                0x0000000020411fa0       0xf4 crt/src/runtime/crt/microtvm_rpc_server/rpc_server.o
                0x0000000020411fa0                void tvm::runtime::RPCReference::SendDLTensor<tvm::runtime::MinRPCServer<tvm::runtime::micro_rpc::MicroIOHandler, tvm::runtime::detail::PageAllocator>*>(tvm::runtime::MinRPCServer<tvm::runtime::micro_rpc::MicroIOHandler, tvm::runtime::detail::PageAllocator>*, DLTensor*)
 .text._ZN3tvm7support12GenericArenaINS_7runtime6detail13PageAllocatorINS2_9micro_rpc14MicroIOHandlerEEEE10UpperAlignEjj
                0x0000000020412094       0x6c crt/src/runtime/crt/microtvm_rpc_server/rpc_server.o
                0x0000000020412094                tvm::support::GenericArena<tvm::runtime::detail::PageAllocator<tvm::runtime::micro_rpc::MicroIOHandler> >::UpperAlign(unsigned int, unsigned int)
 .text._ZN3tvm7runtime12RPCReference23PackedSeqNumBytesGetterINS0_12MinRPCServerINS0_9micro_rpc14MicroIOHandlerENS0_6detail13PageAllocatorEEEE5WriteIiEEvRKT_
                0x0000000020412100       0x64 crt/src/runtime/crt/microtvm_rpc_server/rpc_server.o
                0x0000000020412100                void tvm::runtime::RPCReference::PackedSeqNumBytesGetter<tvm::runtime::MinRPCServer<tvm::runtime::micro_rpc::MicroIOHandler, tvm::runtime::detail::PageAllocator> >::Write<int>(int const&)
 .text._ZN3tvm7runtime12RPCReference23PackedSeqNumBytesGetterINS0_12MinRPCServerINS0_9micro_rpc14MicroIOHandlerENS0_6detail13PageAllocatorEEEE10WriteArrayIiEEvPKT_j
                0x0000000020412164       0x70 crt/src/runtime/crt/microtvm_rpc_server/rpc_server.o
                0x0000000020412164                void tvm::runtime::RPCReference::PackedSeqNumBytesGetter<tvm::runtime::MinRPCServer<tvm::runtime::micro_rpc::MicroIOHandler, tvm::runtime::detail::PageAllocator> >::WriteArray<int>(int const*, unsigned int)
 .text._ZN3tvm7runtime12RPCReference23PackedSeqNumBytesGetterINS0_12MinRPCServerINS0_9micro_rpc14MicroIOHandlerENS0_6detail13PageAllocatorEEEE5WriteIxEEvRKT_
                0x00000000204121d4       0x64 crt/src/runtime/crt/microtvm_rpc_server/rpc_server.o
                0x00000000204121d4                void tvm::runtime::RPCReference::PackedSeqNumBytesGetter<tvm::runtime::MinRPCServer<tvm::runtime::micro_rpc::MicroIOHandler, tvm::runtime::detail::PageAllocator> >::Write<long long>(long long const&)
 .text._ZN3tvm7runtime12RPCReference23PackedSeqNumBytesGetterINS0_12MinRPCServerINS0_9micro_rpc14MicroIOHandlerENS0_6detail13PageAllocatorEEEE5WriteI10DLDataTypeEEvRKT_
                0x0000000020412238       0x64 crt/src/runtime/crt/microtvm_rpc_server/rpc_server.o
                0x0000000020412238                void tvm::runtime::RPCReference::PackedSeqNumBytesGetter<tvm::runtime::MinRPCServer<tvm::runtime::micro_rpc::MicroIOHandler, tvm::runtime::detail::PageAllocator> >::Write<DLDataType>(DLDataType const&)
 .text._ZN3tvm7runtime12RPCReference23PackedSeqNumBytesGetterINS0_12MinRPCServerINS0_9micro_rpc14MicroIOHandlerENS0_6detail13PageAllocatorEEEE5WriteIlEEvRKT_
                0x000000002041229c       0x64 crt/src/runtime/crt/microtvm_rpc_server/rpc_server.o
                0x000000002041229c                void tvm::runtime::RPCReference::PackedSeqNumBytesGetter<tvm::runtime::MinRPCServer<tvm::runtime::micro_rpc::MicroIOHandler, tvm::runtime::detail::PageAllocator> >::Write<long>(long const&)
 .text._ZN3tvm7runtime12RPCReference23PackedSeqNumBytesGetterINS0_12MinRPCServerINS0_9micro_rpc14MicroIOHandlerENS0_6detail13PageAllocatorEEEE5WriteI8DLDeviceEEvRKT_
                0x0000000020412300       0x64 crt/src/runtime/crt/microtvm_rpc_server/rpc_server.o
                0x0000000020412300                void tvm::runtime::RPCReference::PackedSeqNumBytesGetter<tvm::runtime::MinRPCServer<tvm::runtime::micro_rpc::MicroIOHandler, tvm::runtime::detail::PageAllocator> >::Write<DLDevice>(DLDevice const&)
 .text._ZN3tvm7runtime12RPCReference23PackedSeqNumBytesGetterINS0_12MinRPCServerINS0_9micro_rpc14MicroIOHandlerENS0_6detail13PageAllocatorEEEE10ThrowErrorENS0_15RPCServerStatusE
                0x0000000020412364       0x44 crt/src/runtime/crt/microtvm_rpc_server/rpc_server.o
                0x0000000020412364                tvm::runtime::RPCReference::PackedSeqNumBytesGetter<tvm::runtime::MinRPCServer<tvm::runtime::micro_rpc::MicroIOHandler, tvm::runtime::detail::PageAllocator> >::ThrowError(tvm::runtime::RPCServerStatus)
 .text._ZN3tvm7runtime12RPCReference23PackedSeqNumBytesGetterINS0_12MinRPCServerINS0_9micro_rpc14MicroIOHandlerENS0_6detail13PageAllocatorEEEE5WriteIyEEvRKT_
                0x00000000204123a8       0x64 crt/src/runtime/crt/microtvm_rpc_server/rpc_server.o
                0x00000000204123a8                void tvm::runtime::RPCReference::PackedSeqNumBytesGetter<tvm::runtime::MinRPCServer<tvm::runtime::micro_rpc::MicroIOHandler, tvm::runtime::detail::PageAllocator> >::Write<unsigned long long>(unsigned long long const&)
 .text._ZN3tvm7runtime12RPCReference12SendDLTensorIPNS1_23PackedSeqNumBytesGetterINS0_12MinRPCServerINS0_9micro_rpc14MicroIOHandlerENS0_6detail13PageAllocatorEEEEEEEvT_P8DLTensor
                0x000000002041240c       0xf0 crt/src/runtime/crt/microtvm_rpc_server/rpc_server.o
                0x000000002041240c                void tvm::runtime::RPCReference::SendDLTensor<tvm::runtime::RPCReference::PackedSeqNumBytesGetter<tvm::runtime::MinRPCServer<tvm::runtime::micro_rpc::MicroIOHandler, tvm::runtime::detail::PageAllocator> >*>(tvm::runtime::RPCReference::PackedSeqNumBytesGetter<tvm::runtime::MinRPCServer<tvm::runtime::micro_rpc::MicroIOHandler, tvm::runtime::detail::PageAllocator> >*, DLTensor*)
 .text._ZN3tvm7runtime12RPCReference23PackedSeqNumBytesGetterINS0_12MinRPCServerINS0_9micro_rpc14MicroIOHandlerENS0_6detail13PageAllocatorEEEE10WriteArrayIcEEvPKT_j
                0x00000000204124fc       0x6c crt/src/runtime/crt/microtvm_rpc_server/rpc_server.o
                0x00000000204124fc                void tvm::runtime::RPCReference::PackedSeqNumBytesGetter<tvm::runtime::MinRPCServer<tvm::runtime::micro_rpc::MicroIOHandler, tvm::runtime::detail::PageAllocator> >::WriteArray<char>(char const*, unsigned int)
 .text._ZN3tvm7runtime12MinRPCServerINS0_9micro_rpc14MicroIOHandlerENS0_6detail13PageAllocatorEE10WriteArrayIxEEvPT_j
                0x0000000020412568       0x44 crt/src/runtime/crt/microtvm_rpc_server/rpc_server.o
                0x0000000020412568                void tvm::runtime::MinRPCServer<tvm::runtime::micro_rpc::MicroIOHandler, tvm::runtime::detail::PageAllocator>::WriteArray<long long>(long long*, unsigned int)
 .text._ZN3tvm7runtime12RPCReference23PackedSeqNumBytesGetterINS0_12MinRPCServerINS0_9micro_rpc14MicroIOHandlerENS0_6detail13PageAllocatorEEEE10WriteArrayIxEEvPKT_j
                0x00000000204125ac       0x70 crt/src/runtime/crt/microtvm_rpc_server/rpc_server.o
                0x00000000204125ac                void tvm::runtime::RPCReference::PackedSeqNumBytesGetter<tvm::runtime::MinRPCServer<tvm::runtime::micro_rpc::MicroIOHandler, tvm::runtime::detail::PageAllocator> >::WriteArray<long long>(long long const*, unsigned int)
 .text          0x000000002041261c       0x70 ./libwrap.a(malloc.o)
                0x000000002041261c                __wrap_malloc
                0x000000002041266c                __wrap_free
 .text          0x000000002041268c       0xfc ./libwrap.a(write.o)
                0x00000000204126b0                __wrap_write
                0x00000000204126b0                __wrap__write
 .text          0x0000000020412788       0x44 ./libwrap.a(isatty.o)
                0x0000000020412788                __wrap_isatty
                0x0000000020412788                __wrap__isatty
 .text          0x00000000204127cc       0xa0 ./libwrap.a(sbrk.o)
                0x00000000204127cc                __wrap_sbrk
                0x00000000204127cc                __wrap__sbrk
 .text          0x000000002041286c       0x98 ./libwrap.a(_exit.o)
                0x000000002041286c                __wrap__exit
                0x000000002041286c                __wrap_exit
 .text          0x0000000020412904       0x8c ./libwrap.a(puts.o)
                0x0000000020412904                __wrap__puts
                0x0000000020412904                __wrap_puts
 .text          0x0000000020412990       0xd8 ./libwrap.a(write_hex.o)
                0x0000000020412990                write_hex
 .text          0x0000000020412a68      0x76c ./libwrap.a(printf.o)
                0x0000000020412a68                putchar
                0x00000000204130d4                __wrap_printf
                0x0000000020413144                __wrap_sprintf
 .text          0x00000000204131d4       0x46 /opt/pulp-riscv-gcc/bin/../lib/gcc/riscv32-unknown-elf/7.1.1/../../../../riscv32-unknown-elf/lib/libc.a(lib_a-assert.o)
                0x00000000204131d4                __assert_func
                0x0000000020413210                __assert
 .text          0x000000002041321a        0xc /opt/pulp-riscv-gcc/bin/../lib/gcc/riscv32-unknown-elf/7.1.1/../../../../riscv32-unknown-elf/lib/libc.a(lib_a-atexit.o)
                0x000000002041321a                atexit
 .text          0x0000000020413226       0x1e /opt/pulp-riscv-gcc/bin/../lib/gcc/riscv32-unknown-elf/7.1.1/../../../../riscv32-unknown-elf/lib/libc.a(lib_a-exit.o)
                0x0000000020413226                exit
 .text          0x0000000020413244       0x4c /opt/pulp-riscv-gcc/bin/../lib/gcc/riscv32-unknown-elf/7.1.1/../../../../riscv32-unknown-elf/lib/libc.a(lib_a-fini.o)
                0x0000000020413244                __libc_fini_array
 .text          0x0000000020413290       0x42 /opt/pulp-riscv-gcc/bin/../lib/gcc/riscv32-unknown-elf/7.1.1/../../../../riscv32-unknown-elf/lib/libc.a(lib_a-fiprintf.o)
                0x0000000020413290                _fiprintf_r
                0x00000000204132ac                fiprintf
 .text          0x00000000204132d2       0x42 /opt/pulp-riscv-gcc/bin/../lib/gcc/riscv32-unknown-elf/7.1.1/../../../../riscv32-unknown-elf/lib/libc.a(lib_a-fprintf.o)
                0x00000000204132d2                _fprintf_r
                0x00000000204132ee                fprintf
 .text          0x0000000020413314       0x82 /opt/pulp-riscv-gcc/bin/../lib/gcc/riscv32-unknown-elf/7.1.1/../../../../riscv32-unknown-elf/lib/libc.a(lib_a-fwrite.o)
                0x0000000020413314                _fwrite_r
                0x0000000020413388                fwrite
 .text          0x0000000020413396        0x0 /opt/pulp-riscv-gcc/bin/../lib/gcc/riscv32-unknown-elf/7.1.1/../../../../riscv32-unknown-elf/lib/libc.a(lib_a-impure.o)
 .text          0x0000000020413396       0x6a /opt/pulp-riscv-gcc/bin/../lib/gcc/riscv32-unknown-elf/7.1.1/../../../../riscv32-unknown-elf/lib/libc.a(lib_a-init.o)
                0x0000000020413396                __libc_init_array
 .text          0x0000000020413400       0x84 /opt/pulp-riscv-gcc/bin/../lib/gcc/riscv32-unknown-elf/7.1.1/../../../../riscv32-unknown-elf/lib/libc.a(lib_a-locale.o)
                0x0000000020413400                _setlocale_r
                0x0000000020413448                __locale_mb_cur_max
                0x000000002041345e                __locale_ctype_ptr_l
                0x0000000020413464                __locale_ctype_ptr
                0x000000002041347a                setlocale
 .text          0x0000000020413484       0x50 /opt/pulp-riscv-gcc/bin/../lib/gcc/riscv32-unknown-elf/7.1.1/../../../../riscv32-unknown-elf/lib/libc.a(lib_a-mbtowc_r.o)
                0x0000000020413484                _mbtowc_r
                0x000000002041349a                __ascii_mbtowc
 .text          0x00000000204134d4       0xbe /opt/pulp-riscv-gcc/bin/../lib/gcc/riscv32-unknown-elf/7.1.1/../../../../riscv32-unknown-elf/lib/libc.a(lib_a-memcpy.o)
                0x00000000204134d4                memcpy
 .text          0x0000000020413592       0xa8 /opt/pulp-riscv-gcc/bin/../lib/gcc/riscv32-unknown-elf/7.1.1/../../../../riscv32-unknown-elf/lib/libc.a(lib_a-memset.o)
                0x0000000020413592                memset
 .text          0x000000002041363a       0xd4 /opt/pulp-riscv-gcc/bin/../lib/gcc/riscv32-unknown-elf/7.1.1/../../../../riscv32-unknown-elf/lib/libc.a(lib_a-snprintf.o)
                0x000000002041363a                _snprintf_r
                0x00000000204136a2                snprintf
 .text          0x000000002041370e      0x11e /opt/pulp-riscv-gcc/bin/../lib/gcc/riscv32-unknown-elf/7.1.1/../../../../riscv32-unknown-elf/lib/libc.a(lib_a-strcmp.o)
                0x000000002041370e                strcmp
 .text          0x000000002041382c       0x12 /opt/pulp-riscv-gcc/bin/../lib/gcc/riscv32-unknown-elf/7.1.1/../../../../riscv32-unknown-elf/lib/libc.a(lib_a-strlen.o)
                0x000000002041382c                strlen
 .text          0x000000002041383e       0x2a /opt/pulp-riscv-gcc/bin/../lib/gcc/riscv32-unknown-elf/7.1.1/../../../../riscv32-unknown-elf/lib/libc.a(lib_a-strncmp.o)
                0x000000002041383e                strncmp
 .text          0x0000000020413868       0x30 /opt/pulp-riscv-gcc/bin/../lib/gcc/riscv32-unknown-elf/7.1.1/../../../../riscv32-unknown-elf/lib/libc.a(lib_a-strncpy.o)
                0x0000000020413868                strncpy
 .text          0x0000000020413898       0x18 /opt/pulp-riscv-gcc/bin/../lib/gcc/riscv32-unknown-elf/7.1.1/../../../../riscv32-unknown-elf/lib/libc.a(lib_a-strnlen.o)
                0x0000000020413898                strnlen
 .text          0x00000000204138b0      0x17e /opt/pulp-riscv-gcc/bin/../lib/gcc/riscv32-unknown-elf/7.1.1/../../../../riscv32-unknown-elf/lib/libc.a(lib_a-strtol.o)
                0x00000000204139f4                _strtol_r
                0x0000000020413a06                strtol_l
                0x0000000020413a14                strtol
 .text          0x0000000020413a2e      0x174 /opt/pulp-riscv-gcc/bin/../lib/gcc/riscv32-unknown-elf/7.1.1/../../../../riscv32-unknown-elf/lib/libc.a(lib_a-strtoul.o)
                0x0000000020413b68                _strtoul_r
                0x0000000020413b7a                strtoul_l
                0x0000000020413b88                strtoul
 .text          0x0000000020413ba2     0x1644 /opt/pulp-riscv-gcc/bin/../lib/gcc/riscv32-unknown-elf/7.1.1/../../../../riscv32-unknown-elf/lib/libc.a(lib_a-svfprintf.o)
                0x0000000020413ba2                _svfprintf_r
 .text          0x00000000204151e6      0xa18 /opt/pulp-riscv-gcc/bin/../lib/gcc/riscv32-unknown-elf/7.1.1/../../../../riscv32-unknown-elf/lib/libc.a(lib_a-vfiprintf.o)
                0x00000000204151e6                __sprint_r
                0x0000000020415286                _vfiprintf_r
                0x0000000020415b64                vfiprintf
 .text          0x0000000020415bfe     0x1718 /opt/pulp-riscv-gcc/bin/../lib/gcc/riscv32-unknown-elf/7.1.1/../../../../riscv32-unknown-elf/lib/libc.a(lib_a-vfprintf.o)
                0x0000000020415bfe                _vfprintf_r
                0x000000002041727e                vfprintf
 .text          0x0000000020417316       0x6e /opt/pulp-riscv-gcc/bin/../lib/gcc/riscv32-unknown-elf/7.1.1/../../../../riscv32-unknown-elf/lib/libc.a(lib_a-vsnprintf.o)
                0x0000000020417316                _vsnprintf_r
                0x0000000020417376                vsnprintf
 .text          0x0000000020417384       0x36 /opt/pulp-riscv-gcc/bin/../lib/gcc/riscv32-unknown-elf/7.1.1/../../../../riscv32-unknown-elf/lib/libc.a(lib_a-wctomb_r.o)
                0x0000000020417384                _wctomb_r
                0x000000002041739a                __ascii_wctomb
 .text          0x00000000204173ba       0xd6 /opt/pulp-riscv-gcc/bin/../lib/gcc/riscv32-unknown-elf/7.1.1/../../../../riscv32-unknown-elf/lib/libc.a(lib_a-wsetup.o)
                0x00000000204173ba                __swsetup_r
 .text          0x0000000020417490       0x10 /opt/pulp-riscv-gcc/bin/../lib/gcc/riscv32-unknown-elf/7.1.1/../../../../riscv32-unknown-elf/lib/libc.a(lib_a-abort.o)
                0x0000000020417490                abort
 .text          0x00000000204174a0       0x60 /opt/pulp-riscv-gcc/bin/../lib/gcc/riscv32-unknown-elf/7.1.1/../../../../riscv32-unknown-elf/lib/libc.a(lib_a-__atexit.o)
                0x00000000204174a0                __register_exitproc
 .text          0x0000000020417500       0xaa /opt/pulp-riscv-gcc/bin/../lib/gcc/riscv32-unknown-elf/7.1.1/../../../../riscv32-unknown-elf/lib/libc.a(lib_a-__call_atexit.o)
                0x0000000020417500                __call_exitprocs
 .text          0x00000000204175aa        0x0 /opt/pulp-riscv-gcc/bin/../lib/gcc/riscv32-unknown-elf/7.1.1/../../../../riscv32-unknown-elf/lib/libc.a(lib_a-ctype_.o)
 .text          0x00000000204175aa      0x1a2 /opt/pulp-riscv-gcc/bin/../lib/gcc/riscv32-unknown-elf/7.1.1/../../../../riscv32-unknown-elf/lib/libc.a(lib_a-fflush.o)
                0x00000000204175aa                __sflush_r
                0x0000000020417704                _fflush_r
                0x0000000020417732                fflush
 .text          0x000000002041774c      0x1d8 /opt/pulp-riscv-gcc/bin/../lib/gcc/riscv32-unknown-elf/7.1.1/../../../../riscv32-unknown-elf/lib/libc.a(lib_a-findfp.o)
                0x0000000020417750                _cleanup_r
                0x00000000204177ca                __sfmoreglue
                0x0000000020417812                _cleanup
                0x0000000020417818                __sinit
                0x0000000020417866                __sfp
                0x0000000020417900                __sfp_lock_acquire
                0x0000000020417902                __sfp_lock_release
                0x0000000020417904                __sinit_lock_acquire
                0x0000000020417906                __sinit_lock_release
                0x0000000020417908                __fp_lock_all
                0x0000000020417916                __fp_unlock_all
 .text          0x0000000020417924      0x104 /opt/pulp-riscv-gcc/bin/../lib/gcc/riscv32-unknown-elf/7.1.1/../../../../riscv32-unknown-elf/lib/libc.a(lib_a-fputwc.o)
                0x0000000020417924                __fputwc
                0x00000000204179dc                _fputwc_r
                0x00000000204179fa                fputwc
 .text          0x0000000020417a28      0x266 /opt/pulp-riscv-gcc/bin/../lib/gcc/riscv32-unknown-elf/7.1.1/../../../../riscv32-unknown-elf/lib/libc.a(lib_a-freer.o)
                0x0000000020417a28                _malloc_trim_r
                0x0000000020417ae4                _free_r
 .text          0x0000000020417c8e      0x2e6 /opt/pulp-riscv-gcc/bin/../lib/gcc/riscv32-unknown-elf/7.1.1/../../../../riscv32-unknown-elf/lib/libc.a(lib_a-fvwrite.o)
                0x0000000020417c8e                __sfvwrite_r
 .text          0x0000000020417f74       0xce /opt/pulp-riscv-gcc/bin/../lib/gcc/riscv32-unknown-elf/7.1.1/../../../../riscv32-unknown-elf/lib/libc.a(lib_a-fwalk.o)
                0x0000000020417f74                _fwalk
                0x0000000020417fd6                _fwalk_reent
 .text          0x0000000020418042     0x1684 /opt/pulp-riscv-gcc/bin/../lib/gcc/riscv32-unknown-elf/7.1.1/../../../../riscv32-unknown-elf/lib/libc.a(lib_a-ldtoa.o)
                0x0000000020418d74                _ldtoa_r
                0x0000000020419688                _ldcheck
 .text          0x00000000204196c6       0x32 /opt/pulp-riscv-gcc/bin/../lib/gcc/riscv32-unknown-elf/7.1.1/../../../../riscv32-unknown-elf/lib/libc.a(lib_a-localeconv.o)
                0x00000000204196c6                __localeconv_l
                0x00000000204196cc                _localeconv_r
                0x00000000204196e2                localeconv
 .text          0x00000000204196f8      0x104 /opt/pulp-riscv-gcc/bin/../lib/gcc/riscv32-unknown-elf/7.1.1/../../../../riscv32-unknown-elf/lib/libc.a(lib_a-makebuf.o)
                0x00000000204196f8                __swhatbuf_r
                0x000000002041975e                __smakebuf_r
 .text          0x00000000204197fc      0x498 /opt/pulp-riscv-gcc/bin/../lib/gcc/riscv32-unknown-elf/7.1.1/../../../../riscv32-unknown-elf/lib/libc.a(lib_a-mallocr.o)
                0x00000000204197fc                _malloc_r
 .text          0x0000000020419c94       0x1a /opt/pulp-riscv-gcc/bin/../lib/gcc/riscv32-unknown-elf/7.1.1/../../../../riscv32-unknown-elf/lib/libc.a(lib_a-memchr.o)
                0x0000000020419c94                memchr
 .text          0x0000000020419cae       0x3e /opt/pulp-riscv-gcc/bin/../lib/gcc/riscv32-unknown-elf/7.1.1/../../../../riscv32-unknown-elf/lib/libc.a(lib_a-memmove.o)
                0x0000000020419cae                memmove
 .text          0x0000000020419cec        0x4 /opt/pulp-riscv-gcc/bin/../lib/gcc/riscv32-unknown-elf/7.1.1/../../../../riscv32-unknown-elf/lib/libc.a(lib_a-mlock.o)
                0x0000000020419cec                __malloc_lock
                0x0000000020419cee                __malloc_unlock
 .text          0x0000000020419cf0      0x93c /opt/pulp-riscv-gcc/bin/../lib/gcc/riscv32-unknown-elf/7.1.1/../../../../riscv32-unknown-elf/lib/libc.a(lib_a-mprec.o)
                0x0000000020419cf0                _Balloc
                0x0000000020419d56                _Bfree
                0x0000000020419d6a                __multadd
                0x0000000020419dfe                __s2b
                0x0000000020419e9c                __hi0bits
                0x0000000020419ee4                __lo0bits
                0x0000000020419f4e                __i2b
                0x0000000020419f68                __multiply
                0x000000002041a0aa                __pow5mult
                0x000000002041a13a                __lshift
                0x000000002041a204                __mcmp
                0x000000002041a236                __mdiff
                0x000000002041a322                __ulp
                0x000000002041a368                __b2d
                0x000000002041a41a                __d2b
                0x000000002041a4e6                __ratio
                0x000000002041a556                _mprec_log10
                0x000000002041a5b0                __copybits
                0x000000002041a5e6                __any_on
 .text          0x000000002041a62c      0x3a4 /opt/pulp-riscv-gcc/bin/../lib/gcc/riscv32-unknown-elf/7.1.1/../../../../riscv32-unknown-elf/lib/libc.a(lib_a-reallocr.o)
                0x000000002041a62c                _realloc_r
 .text          0x000000002041a9d0       0x2c /opt/pulp-riscv-gcc/bin/../lib/gcc/riscv32-unknown-elf/7.1.1/../../../../riscv32-unknown-elf/lib/libc.a(lib_a-sbrkr.o)
                0x000000002041a9d0                _sbrk_r
 .text          0x000000002041a9fc       0x7e /opt/pulp-riscv-gcc/bin/../lib/gcc/riscv32-unknown-elf/7.1.1/../../../../riscv32-unknown-elf/lib/libc.a(lib_a-s_frexp.o)
                0x000000002041a9fc                frexp
 .text          0x000000002041aa7a      0x160 /opt/pulp-riscv-gcc/bin/../lib/gcc/riscv32-unknown-elf/7.1.1/../../../../riscv32-unknown-elf/lib/libc.a(lib_a-signal.o)
                0x000000002041aa7a                _init_signal_r
                0x000000002041aab8                _signal_r
                0x000000002041aafe                _raise_r
                0x000000002041ab62                __sigtramp_r
                0x000000002041abba                raise
                0x000000002041abc2                signal
                0x000000002041abcc                _init_signal
                0x000000002041abd2                __sigtramp
 .text          0x000000002041abda       0x32 /opt/pulp-riscv-gcc/bin/../lib/gcc/riscv32-unknown-elf/7.1.1/../../../../riscv32-unknown-elf/lib/libc.a(lib_a-signalr.o)
                0x000000002041abda                _kill_r
                0x000000002041ac08                _getpid_r
 .text          0x000000002041ac0c       0x80 /opt/pulp-riscv-gcc/bin/../lib/gcc/riscv32-unknown-elf/7.1.1/../../../../riscv32-unknown-elf/lib/libc.a(lib_a-sprintf.o)
                0x000000002041ac0c                _sprintf_r
                0x000000002041ac48                sprintf
 .text          0x000000002041ac8c       0xc8 /opt/pulp-riscv-gcc/bin/../lib/gcc/riscv32-unknown-elf/7.1.1/../../../../riscv32-unknown-elf/lib/libc.a(lib_a-stdio.o)
                0x000000002041ac8c                __sread
                0x000000002041acbe                __seofread
                0x000000002041acc2                __swrite
                0x000000002041ad14                __sseek
                0x000000002041ad4c                __sclose
 .text          0x000000002041ad54       0x12 /opt/pulp-riscv-gcc/bin/../lib/gcc/riscv32-unknown-elf/7.1.1/../../../../riscv32-unknown-elf/lib/libc.a(lib_a-strcpy.o)
                0x000000002041ad54                strcpy